active-first-typed-migration: ............................................
aggregate-surface: .................................................................................................................................................
analysis-data-contract: .....................
beaver-policy: .........
blob-chunk-replay: .................................................
canonical-query-id: ............
capsule-registry: ...................................................................................................................................................................................................................................................................................................................................................................................................................................................................................................................................................................................................................................................................................................................................................................................................................................................................................................................................................................................................................................................................
cluster-disclosure: ........
contingency: ................
crossgrid-categorical-source-cache: ...
crossgrid-cox: .........................................................................................................................................................................................................................................................................................................................................................................................................................................................................................................................................................................................................................................................................................................................................................................................................................................................................................................................................................................................................................................................................................................................................................................................................................
crossgrid-family-b-piecewise: ...............................................................
crossgrid-family-b: .....................................................................................................................................................................................................................................................................................................................................................................................................................................................................................................................................................................................................................................................................................................................................................................................................................................................................................................................................................................................................................................................................................
crossgrid-gee-public-admission: ............................................................................................................
crossgrid-gee-staged-contract: ..................................................................................................................................................
crossgrid-gee-staged-handoff: ...............................................................................................................
crossgrid-gee-whitening-integer: ........................................................................................................................................................................................................................................................................
crossgrid-glmm-staged-lifecycle: .........................................................
crossgrid-glmm-variance-contract: ................................................................................................................................
crossgrid-grouped-dslite: ..........................................................................................................................................................................................................
crossgrid-grouped-integer: .............................................
crossgrid-grouped-source: ............................................
crossgrid-grouped: ..............................................................................................................................
crossgrid-lasso: ....................................................................................................................
crossgrid-lmm-ml-contract: ..............................
crossgrid-lmm-public-evidence: ..................
crossgrid-lmm-sampler-admission: ...........................
crossgrid-lmm-schema-cache: ..........
crossgrid-lmm-source-handoff: .........................................................................................................................................................
crossgrid-lmm-staged-lifecycle: .....................................
crossgrid-lmm-stats-integer: .....
crossgrid-nb: .........................................................................................................................................................................................................................................................................................................................................................................................................................................................................................................................................................................................................................................................................................................................................................................................................................................................................................................................................................................................................................................................................................................................................................................................................................................................................................................................................................................................................................................................................................................................................................................................................................................................................................................................................................................................................................................................................................................................................................................................................................................................................................................................................................................................................................................................................................................................................................................................................................................................................................................................................................................................................................................................................................................................................................................................................................................................................................................................................................................................................................................................................................................................................................................................................................................................................................................................................................................................................................................................................................................................................................................................................................................................................................................................................................................................................................................
crossgrid-poisson-glmm-staged-lifecycle: ...............................................................
crossgrid-poisson-glmm-variance-contract: ................................................................................................................................
crypto-backend-denylist: ..
dp-adjacency: ............................................................................................................................................................................................................
dp-alignment-mask: ....................................................................................................
dp-analysis-contract: ........................................................................................................................................................................................................................
dp-capsule-manifest-bootstrap: ........................................................................................................
dp-capsule-materializer: ................................................................................................................................................................................................................................................................................................................................................................................................................................................................................................................................................................................................................................................................................................
dp-capsule-source-transport: ....................................................................................................................................................................................................................................................................................................................................................................................................
dp-capsule-workload: ................................................................................................................................................................................................................................................................................................................................................................................................
dp-categorical-cross: ..........................................................................
dp-count-analysis: .....................................................................................................................................................................................................................................................................................................
dp-count-execution: .........................................................................................................................................
dp-dataset-descriptor: ......................
dp-describe: ...........................
dp-designated-peer-autoselect: .............
dp-frequency-analysis: ..........................................................................................................................................................................................................................................................................................................................................................................................................
dp-frequency-execution: ................................................................................................................................................................................................................................................................
dp-frequency-surface: ...........................................
dp-gaussian-cross: .......................................
dp-glm-grid-cross-contract: .......................................................................................................................................................................................................................................................................................................................................
dp-glm-grid-cross-integer: ..................................................................................................................................................................................
dp-nb-loss: .................
dp-policy-ledger: .................................................................................................................................................................................
dp-survival: ...................................
dp-synopsis-analysis: ........................................................................
dp-synopsis-artifact: .........................................................
dp-synopsis-authorization: .................................................................................................
dp-synopsis-exact-downstream: .......................................................................................................................
dp-synopsis-exact-gc: ..........................................................................................................................................................
dp-synopsis-execution-safety: ..................
dp-synopsis-execution: ..............................................................
dp-synopsis-final-share: ...........................................................
dp-synopsis-no-lifetime-red: ....................................................................................................................................................................................................................................................................................................................................................................................................
dp-synopsis-receipts: .............................................
dp-synopsis-release: .....................................................
dp-synopsis-remote-surface-red: ...............................................................................................................
dp-synopsis-replay: ..........................................................................................
dp-synopsis-result: .....................................................................................................................................
dp-synopsis-source-contract: .........................
dp-synopsis-source-gate: ............................................................................
dp-synopsis-source-transport-threading: .........................................................................................
dp-synopsis-source-transport-wrappers: .............................................................................................
dp-synopsis-start: .............................................................................................
dp-transcript-privacy: .........................................................................................
dsi-relay-dslite-session: ........
dsi-relay-substrate: ...........................................................................................................................................................................................................................................................................................................................................................................................................................................................................................
dsi-text-frame-memory: ................
dsi-text-frame: ................................................................................................................................................................................................................................................................................................................................................................................................................................................................................................................................................................
exact-arithmetic-inventory: ..............................
exact-gc-policy-pair-binding: ............................................................
exact-gc-promoted-cross-subgraph: ......................................................
exact-gc-release-policy: ...........
exact-gc-transport: .......................................................................................................................................................................................................................................................................................................................................................................................................................................................................................................................................................................................................................................................................................................................................................................................................................................................................................................................................................................................................................................................................................................................................................................................................................................................................................................................................................................................................................................................................................................................................................................................................
formal-cox-capsule-internal: ...................................................................................................................................................................................................................................................................................................................................................................................................................................................................................................
formal-cox-discrete-public-result-ds: ..............
formal-cox-fresh-source-ds: ........
formal-cox-public-result-ds: .............
formal-cox-run-plan: ..............................
formal-cox-worker-control-ds: ...........................................................
formal-glm-phase15-internal-adapter: .......................
formal-glm-phase16-release-adapter: ................
formal-glm-phase18-materializer: ............................................................................................................
formal-glm-public-result-ds: ..............................
formal-glm-registered-fresh-source-ds: ........
formal-glm-registered-job-control-ds: ...............................
formal-glm-registered-server-source: ...............................................................................................................................................................................................
formal-glm-registered-source-ds: ...........
go-command-surface: ......................
histogram: ............................
identity-seed: .......................................................................................................................................
imputation: ...............
installed-documentation-claims: ...........................................................
joint-dp-control-plane: ................................................................................................................................................................................................................................................................................................................................................................................................................................................................................................................................................................................................................................................................
joint-dp-convolution-fallback: ....................................................
joint-dp-release-domain: ........................
joint-dp-vector-allocation: .....................................
joint-dp-vector-capsule: ....................................................................................................................................................................................................................................................................................................................................................................................................................................................................................
joint-dp-vector-exact-gc-adapter: ........................................................................................
joint-dp-vector-release-ledger: ...................................................................................................................................................................
k2-enforce-K: .................
lmm-k2-enforce-K: ..................
lmm-signed-admission: ...............................................................................
mpc-bridge: ..............
mpc-runtime-contract: ..........................................................
noise-root-bootstrap: ............................................................................................................................................................................................................
numeric-policy: ..........................
numeric-runtime-attestation: .........................
package-artifact-security: .....
peer-relay-security-contract: .........................................................................................................................................................................
product-safe-aggregate-methods: ..........
psi-alignment-contract: .............................................................................
psi-padded-chunk-cap: ............
psi-padded-core: .............................................................................
psi-padded-e2e: ........................................................................................................................
psi-padded-persistence: ............................................................
psi-padded-relay-e2e: ................................................................................................................
psi-policy: ....................
psi-source-authorization: .................
public-metadata-policy-only: ...........
remote-surface-classification: ......................................................
retired-lifetime-vector-surface: ....
security-boundaries: ....................................................................................................
security-profile: .........................................................................................................................................................................................
service-bootstrap-boundary: ................................
session-inactivity-lease: ....................................
transport-probe: .......................
typed-blob-inventory: ............
typed-blob-transport: ...............................................................................................................................................................................................................................................................................................................
weight-shares-privacy: .
y-share-original: ...

══ DONE ════════════════════════════════════════════════════════════════════════
CYCLE16_PAIRED_PACKAGE_PASS dsVert 22532 assertions; 0 skips; 0 warnings; exclusions require review
