active-first-typed-migration: ....................
canonical-typed-session-ids: ..........
capsule-method-inventory: ................................................................................................................................................................................................................................................................................................................................................................................................................................................................................................................................................................................................................................................................................................................................................................................................................................................................................................................................................
chisq-cross-contract: .................
chunk-transport: ............................................
documentation-release-claims: ..............................................................................................................................................................................................................................................................................................S
dp-alignment-mask-transport: ....................................................................
dp-analysis-contract: ........................................................................................................................................................
dp-capsule-manifest-client: ................................................................................................
dp-capsule-plan: .............................................................................
dp-capsule-source-client-transport: .....................................................................................................................................................................................................................................
dp-capsule-vector-layout: ..............................................................................................................................................................................................................................................................................................................................................................................................................................................................................................................................................................................................................................................................................................................................................................................................................................................................................................................................................................................................................................................................................................................................................................................................................................................................................................................................................................................................................................................................................................................................................................................................................................................................................................................................................................................................................................................................................................................................................................................................................................................................................................................................................................................................................................................................................................................................................................................................................................................................................................................................................................................................................................................................................................................................................................................................................................................................................................................................................................................................................................................................................................................................................................................................................................................................................................................................................................................................................................................................................................................................................................................................................................................................................................................................................................................................................................................................................................................................................................................................................................................................................................................................................................................................................................
dp-categorical-cross-transport: ...............................................................................
dp-categorical-inference: ...............................................................................................................................................................
dp-client-contract: ........................................................................
dp-cor-pca: ..............................................................................................................................................................................................................................
dp-core-vector-methods: ...................................................................................................................................................................................................................................................................................................................................................................................................................................................................................................................................................................................................................................
dp-count-analysis: ...........................................................................................................................................................................
dp-count-execution: .............................................................................................................................................
dp-count-synopsis-rock-e2e: ..............................................................................
dp-cox-grid-cross-e2e: .......................
dp-cox-grid-cross: ......................................................
dp-cox-partial-grid: .............
dp-cross-shared-exact-transport: .......................................................................................................................
dp-describe: ..............................................................................................................................
dp-epidemiology: ...................................................................................................................................................................................................................................................................................................................................................................................................................................................................................................................................................................................................................................................................................................................................................................................................................................................................................................................................................................................................................................................................................................................................................................................................................................................................................................................................................................................................................................................................................................................................................................................................................................................................................................................................................................................................................................................................................................................................................................................................................................................................................................................................................................................................................................................................................................................................................................................................................................................................................................................................................................................................................................................................................................................................................................................................................................................................................................................................................................................................................................................................................................................................................................................................................................................................................................................................................................................................................................................................................................................................................................................................................................................................................................................................................................................................................................................................................................................................................................................................................................................................................................................................................................................................................................................................................................................................................................................................................................................................................................................................................................................................................................................................................................................................................................................................................................................................................................................................................................................................................................................................................................................................................................................................................................................................................................................................................................................................................................................................................................................................................................................................................................................................................................................................................................................................................................................................................................................................................................................................................................................................................................................................................................................................................................................................................................................................................................................................................................................................................................................................................................................................................................................................................................................................................................................................................................................................................................................................................................................................................................................................................................................................................................................................................................................................................................................................................................................................................................................................................................................................................................................................................................................................................................................................................................................................................................................................................................................................................................................................................................................................................................................................................................................................................................................................................................................................................................................................................................................................................................................................................................................................................................................................................................................................................................................................................
dp-frequency-analysis: ..................................................................................................
dp-frequency-execution: ..........................
dp-frequency: ...............................................................................................................................................................................................................................................................................................................................................................
dp-gaussian-cross-transport: .................................................................................................
dp-gaussian-synopsis-release: ......
dp-gaussian: .........................................................................................................................................................................................................................................................................................................................................
dp-gee-ar1-grid: ........................
dp-glm-grid-cross-contract: ........................................................................................................................................................................................................................................................................................................................................................................
dp-glm-grid-cross-integer: ..................................................................................................................................................................................
dp-glm-grid-cross-sensitivity: ....................................................................................
dp-glm-grid: ...............
dp-grouped-grid-cross-registry: ........
dp-grouped-grid-cross: ................................................................................................................................................................................
dp-grouped-lmm-ml-contract: .........................
dp-lasso-grid-cross: ........................................................................................................................
dp-lmm-artifact: .........................................................................................................................................
dp-lmm-cross-public-release: ................................................................................................................................................................................
dp-lmm-signed-admission: ..................................................
dp-lmm-staged-receipts: ....................
dp-multinom-grid: ........
dp-multinomial-grid-cross-authorities: ................................................
dp-multinomial-grid-cross: ..............................................................................................................................................................................................................................................................................................................................
dp-nb-grid-cross: .....................................................................................................................................................................................................................................................................................................................................................................................................................................................................................................................................................................................................................................................................................................................................................................................................................................................................................................................................................................................................................................................................................................................................................................................................................................................................................................................................................................................................................................................................................................................................................................................................................................................................................................................................................................................................................................................................................................................................................................................................................................................................................................................................................................................................................................................................................................................................................................................................................................................................................................................................................................................................................................................................................................................................................................................................................................................................................................................................................................................................................................................................................................................................................................................................................................................................................................................................................................................................................................................................................................................................................................................................................................................................................................................................................................................................................................................
dp-nb-grid: ............................
dp-ordinal-grid-cross: .......................
dp-ordinal-grid: ........
dp-prevalence-ratio: ...................................................................
dp-quantile: ..........................................................................................................................................................................................................................................................................................................................................................................................................................................................................................................................
dp-statistical-validation-harness: ......................
dp-survival: ..............................................................................................................................................................................................................................................................................................................................................................................................................................................................................................
dp-synopsis-describe-rock-e2e: ..................................................................................................................................................................................................................................................................................................................................................................................................................................................................................................................................................................................................................................................................................................................................................................................................................................................................................................................................................................................................................................................................................................................................................................................................................................................................................................................................................................................................................................................................................................................................................................................................................................................................................................................................................................................................................................................................................................................................................................................................................................................................................................................................................................................................................................................................................................................................................................................................................................................................................................................................................................................................................................................................................................................................................................................................................................................................................................................................................................................................................................................................................................................................................................................................................................................................................................................................................................................................................................................................................................................................................................S......
dp-synopsis-local-pair-contract: ....
dp-synopsis-public-vector-adapter: ...........................................................................
dsi-armadillo-connector-smoke: .......................
dsi-benchmark-artifact: ............................................................................
dsi-fanout: .......................................................................................................................................................................................................................................................................................
dsi-security: .........
.........................................
dsi-sliding-window: .......
dsi-text-frame-memory: ............................................................................................................................................................................................................................................................................................................................................................................................................................................................................................................................................................................................................................................................................................................................................................................................................................................................................................................................................................................................................................................................................................................................................................................................................................................................................................................................................................................................................................................................................................................................................................................................................
dsi-text-frame: ........................................................................................................................................................................................................................................................................................................................................................................................................
dsi-transport-probe: ................................................................................
dslite-glm: S
epi-standardization: ...............................................
epi2x2: .............................
exact-gc-peer-cardinality: ........
exact-gc-promoted-cross-guard: ..............
exact-gc-transport: ................................................................................................................................................................................................................................................................
fama-reference-harness: .......S
formal-cox-discrete-frontdoor: ......................
formal-cox-fresh-ingress: ..................................
formal-cox-fresh-source: ........
formal-cox-fresh-worker: ..........................................................................................................................
formal-cox-frontdoor: ......................................................
formal-dp-e2e-harness: ..............................
formal-gee-frontdoor: ....................................................................................
formal-glm-dp-result: ......................................................................................................................................................
formal-glm-frontdoor: ...........................................
formal-glm-joint-inference: ...................................................................................................................................................................................................................................................................
formal-glm-phase0: ..........................................................................................
formal-glm-registered-fresh-ingress: ..........................
formal-glm-registered-fresh-source: ............
formal-glm-registered-job-control: ................................
formal-glm-registered-source: ...............
formal-multinom-frontdoor: ..............................................
formal-nb2-frontdoor: ..............................
formal-ordinal-frontdoor: .........................................
formula-contract: ...............
glm-setup-fanout: .......................
glm-statistical-contract: .....................................................
identifiability-contract: ...........................
input-validation: ......................................
installed-script-resolution: .....S
ipw-intercept-only: ............................................................................
joint-dp-capsule-status: ................................................................................................................................................................................................................................................................................................
joint-dp-vector-capsule-client: ...............................................................................................................................................................................................
joint-dp-vector-exact-gc-adapter: .......................
joint-inference-contract: ..............
lasso-contract: ....................................................................................................................................................................................................................................................................................................................................
legacy-route-gates: ..............................................
lmm-dp-moments: .................
lmm-dsi-migration: .................
lmm-random-intercept-gls: .............
mantel-haenszel: .................................................................
method-status: ......................................................................................................................................................................
mi-synopsis-adapter: ..............................................................................
mnl-joint-k2-strict: ............................................................
nb-helper-forwarding: ...................
numeric-contract: ............................................................................................................................................................
opal-method-reconciliation: .......................................................................S
ordinal-joint-privacy: .
original-export-compatibility: ....
package-artifact-security: ..
pca-contract: ...........
peer-identity-errors: ...........................
print-methods: ............
provision-opal-profile-permissions: ....  [verify] dsVert installed
  [verify] dsVertClient installed
......  [verify] dsVert installed
  [verify] dsVertClient installed
............  [verify] dependency filelock installed
................
psi-alignment-contract: ..............................
psi-padded-orchestrator: ...................
psi-padded-relay: ..........
quarantined-zero-dsi: ...................................................................................................................................................................................
secure-agg: .............
security-status: ...................................................................
server-surface-compatibility: ...............................
session-ids: .............
signed-correlation-consumers: ...............................................
smart-ux: .............................
typed-blob-transport: ................................................................................................................................................
typed-producer-retry: ....................................................................
vector-replay-assembly-scalability: ....
vertChisq: ............
vertContrast: ..............
vertDesc: .....................................................................
vertInference: ...............................
wrappers: ............................

══ Skipped ═════════════════════════════════════════════════════════════════════
1. repository validation vignettes are explicitly archival ('test-documentation-release-claims.R:666:5') - Reason: repository-only historical vignettes are absent

2. focused Gaussian LASSO pseudo-IC is plausible and replayable at K=2/3/5 ('test-dp-synopsis-describe-rock-e2e.R:4544:3') - Reason: set DSVERT_TEST_SYNOPSIS_E2E_FAMILY=gaussian_lasso_focal

3. (code run outside of `test_that()`) ('test-dslite-glm.R:19:1') - Reason: DSLite mock missing dsVert PSI methods — covered by live-Opal probes

4. two-custodian synthetic reference compares signed grid selections ('test-fama-reference-harness.R:25:3') - Reason: run source harness explicitly; this is not production release evidence

5. installed scripts resolve the installed dsVertClient namespace ('test-installed-script-resolution.R:26:3') - Reason: subprocess preflight requires an installed package tree

6. repository-level legacy entry points are fail-closed stubs ('test-opal-method-reconciliation.R:351:5') - Reason: repository-level scripts are not part of the installed package

══ DONE ════════════════════════════════════════════════════════════════════════
FLEET_SOURCE_PAIRED_PACKAGE_PASS dsVertClient 33908 assertions; 5 skips; 0 warnings; exclusions require review
