 profile          case   elapsed        guard sleep_requested sleep_actual
 default       control 0.1056667 0.0056666667      0.06666667   0.07566667
   short       control 0.0380000 0.0000000000      0.02500000   0.03233333
 default delayed1010ms 1.0906667 0.0000000000      0.95000000   1.08366667
   short delayed1010ms 1.0523333 0.0000000000      0.71833333   1.02066667
 default   delayed55ms 0.1186667 0.0000000000      0.10000000   0.11600000
   short   delayed55ms 0.1003333 0.0000000000      0.06500000   0.09800000
 default full_download 0.0600000 0.0000000000      0.05000000   0.05700000
   short full_download 0.0400000 0.0003333333      0.02500000   0.03600000
 default   full_upload 0.2913333 0.1050000000      0.16666667   0.18333333
   short   full_upload 0.2650000 0.1043333333      0.10833333   0.15600000
 sleep_calls max_sleep worker_seconds
    1.333333     0.050     0.00000000
    5.000000     0.005     0.00000000
   19.000000     0.050     1.02000000
  143.666667     0.005     1.01466667
    2.000000     0.050     0.06533333
   13.000000     0.005     0.06466667
    1.000000     0.050     0.00300000
    5.000000     0.005     0.00300000
    3.333333     0.050     0.00000000
   21.666667     0.005     0.00000000
PUBLIC_POLL_AUDIT_RESULTS /tmp/gee-relay-polling.ZEniWq/results.json 
