active-first-typed-migration: ............................................
aggregate-surface: .................................................................................................................................................
analysis-data-contract: .....................
beaver-policy: .........
blob-chunk-replay: .................................................
canonical-query-id: ............
capsule-registry: ...................................................................................................................................................................................................................................................................................................................................................................................................................................................................................................................................................................................................................................................................................................................................................................................................................................................................................................................................................................................................................................................................
cluster-disclosure: ........
contingency: ................
crossgrid-categorical-source-cache: ...
crossgrid-cox: .........................................................................................................................................................................................................................................................................................................................................................................................................................................................................................................................................................................................................................................................................................................................................................................................................................................................................................................................................................................................................................................................................................................................................................................................................................
crossgrid-family-b-piecewise: ...............................................................
crossgrid-family-b: .....................................................................................................................................................................................................................................................................................................................................................................................................................................................................................................................................................................................................................................................................................................................................................................................................................................................................................................................................................................................................................................................................................
crossgrid-gee-public-admission: ............................................................................................................
crossgrid-gee-staged-contract: ..................................................................................................................................................
crossgrid-gee-staged-handoff: ...............................................................................................................
crossgrid-gee-whitening-integer: ........................................................................................................................................................................................................................................................................
crossgrid-glmm-staged-lifecycle: .........................................................
crossgrid-glmm-variance-contract: ................................................................................................................................
crossgrid-grouped-dslite: ..........................................................................................................................................................................................................
crossgrid-grouped-integer: .............................................
crossgrid-grouped-source: ............................................
crossgrid-grouped: ..............................................................................................................................
crossgrid-lasso: ....................................................................................................................
crossgrid-lmm-ml-contract: ..............................
crossgrid-lmm-public-evidence: ..................
crossgrid-lmm-sampler-admission: ...........................
crossgrid-lmm-schema-cache: ..........
crossgrid-lmm-source-handoff: .........................................................................................................................................................
crossgrid-lmm-staged-lifecycle: .....................................
crossgrid-lmm-stats-integer: .....
crossgrid-nb: .........................................................................................................................................................................................................................................................................................................................................................................................................................................................................................................................................................................................................................................................................................................................................................................................................................................................................................................................................................................................................................................................................................................................................................................................................................................................................................................................................................................................................................................................................................................................................................................................................................................................................................................................................................................................................................................................................................................................................................................................................................................................................................................................................................................................................................................................................................................................................................................................................................................................................................................................................................................................................................................................................................................................................................................................................................................................................................................................................................................................................................................................................................................................................................................................................................................................................................................................................................................................................................................................................................................................................................................................................................................................................................................................................................................................................................................
crossgrid-poisson-glmm-staged-lifecycle: ...............................................................
crossgrid-poisson-glmm-variance-contract: ................................................................................................................................
crypto-backend-denylist: ..
dp-adjacency: ............................................................................................................................................................................................................
dp-alignment-mask: ....................................................................................................
dp-analysis-contract: ........................................................................................................................................................................................................................
dp-capsule-manifest-bootstrap: 