crossgrid-cox: ................................................................................................................................................................................................................................................................................................................................................................................................................................................................................................................................................................................................................................................................................................................................................................................................................................................................................................................................................................................................................................................................................................................................................................................................................................................................................................................................................................................................................................................................................................................................................................................................................................................................................1..................................................................................................................................................

══ Failed ══════════════════════════════════════════════════════════════════════
── 1. Error ('test-crossgrid-cox.R:1107:11'): Cox worker preparation authenticat
<dsvert_dp_public_failure/error/condition>
Error: [dsvert_dp_public_failure:v1] Protected capsule operation failed.
Backtrace:
     ▆
  1. ├─testthat::expect_identical(invoke(encode(receipt)), bound) at test-crossgrid-cox.R:1113:9
  2. │ └─testthat::quasi_label(enquo(object), label)
  3. │   └─rlang::eval_bare(expr, quo_get_env(quo))
  4. └─dsVert (local) invoke(encode(receipt))
  5.   ├─base::do.call(...) at test-crossgrid-cox.R:1107:11
  6.   └─dsVert (local) `<fn>`(...)
  7.     └─dsVert:::.dsvert_dp_synopsis_remote_public_v1(...)
  8.       └─base::tryCatch(force(code), error = .dsvert_dp_transcript_stop) at dsVert/R/dpSynopsisRemoteDS.R:13:3
  9.         └─base (local) tryCatchList(expr, classes, parentenv, handlers)
 10.           └─base (local) tryCatchOne(expr, names, parentenv, handlers[[1L]])
 11.             └─value[[3L]](cond)

══ DONE ════════════════════════════════════════════════════════════════════════
Error: all(!frame$error) is not TRUE
Execution halted
