crossgrid-cox: ........................................................................................................................................................................................................................................................................................................................................................................................................................................................................................................................................................................................................................................................................................................................................................................................................................................................................................................................................................................................................................................................................................................................................................................................................................................................................................................................................................................................................................................................................................................................................................................................................................................................................................................................................................................................................1...........2...........3.....................................................................................................................................................................................................................................................................................4...........5...........6.....................................................................................................................................................................................................................................................................................7...........8...........9....................................................................................................................................................................................................................

══ Failed ══════════════════════════════════════════════════════════════════════
── 1. Failure ('test-crossgrid-cox.R:1111:9'): Cox worker preparation authentica
Expected `invoke()` to be identical to `bound`.
Differences:
Component “routing_receipt”: Names: 12 string mismatches
Component “routing_receipt”: Component 1: 1 string mismatch
Component “routing_receipt”: Component 2: 1 string mismatch
Component “routing_receipt”: Component 3: 1 string mismatch
Component “routing_receipt”: Component 4: 1 string mismatch
Component “routing_receipt”: Component 6: 1 string mismatch
Component “routing_receipt”: Component 7: Modes: logical, character
Component “routing_receipt”: Component 7: target is logical, current is character
Component “routing_receipt”: Component 8: 1 string mismatch
...

── 2. Failure ('test-crossgrid-cox.R:1112:9'): Cox worker preparation authentica
Expected `invoke()` to be identical to `bound`.
Differences:
Component “routing_receipt”: Names: 12 string mismatches
Component “routing_receipt”: Component 1: 1 string mismatch
Component “routing_receipt”: Component 2: 1 string mismatch
Component “routing_receipt”: Component 3: 1 string mismatch
Component “routing_receipt”: Component 4: 1 string mismatch
Component “routing_receipt”: Component 6: 1 string mismatch
Component “routing_receipt”: Component 7: Modes: logical, character
Component “routing_receipt”: Component 7: target is logical, current is character
Component “routing_receipt”: Component 8: 1 string mismatch
...

── 3. Failure ('test-crossgrid-cox.R:1113:9'): Cox worker preparation authentica
Expected `invoke(encode(receipt))` to be identical to `bound`.
Differences:
Component “routing_receipt”: Names: 12 string mismatches
Component “routing_receipt”: Component 1: 1 string mismatch
Component “routing_receipt”: Component 2: 1 string mismatch
Component “routing_receipt”: Component 3: 1 string mismatch
Component “routing_receipt”: Component 4: 1 string mismatch
Component “routing_receipt”: Component 6: 1 string mismatch
Component “routing_receipt”: Component 7: Modes: logical, character
Component “routing_receipt”: Component 7: target is logical, current is character
Component “routing_receipt”: Component 8: 1 string mismatch
...

── 4. Failure ('test-crossgrid-cox.R:1111:9'): Cox worker preparation authentica
Expected `invoke()` to be identical to `bound`.
Differences:
Component “routing_receipt”: Names: 12 string mismatches
Component “routing_receipt”: Component 1: 1 string mismatch
Component “routing_receipt”: Component 2: 1 string mismatch
Component “routing_receipt”: Component 3: 1 string mismatch
Component “routing_receipt”: Component 4: 1 string mismatch
Component “routing_receipt”: Component 6: 1 string mismatch
Component “routing_receipt”: Component 7: Modes: logical, character
Component “routing_receipt”: Component 7: target is logical, current is character
Component “routing_receipt”: Component 8: 1 string mismatch
...

── 5. Failure ('test-crossgrid-cox.R:1112:9'): Cox worker preparation authentica
Expected `invoke()` to be identical to `bound`.
Differences:
Component “routing_receipt”: Names: 12 string mismatches
Component “routing_receipt”: Component 1: 1 string mismatch
Component “routing_receipt”: Component 2: 1 string mismatch
Component “routing_receipt”: Component 3: 1 string mismatch
Component “routing_receipt”: Component 4: 1 string mismatch
Component “routing_receipt”: Component 6: 1 string mismatch
Component “routing_receipt”: Component 7: Modes: logical, character
Component “routing_receipt”: Component 7: target is logical, current is character
Component “routing_receipt”: Component 8: 1 string mismatch
...

── 6. Failure ('test-crossgrid-cox.R:1113:9'): Cox worker preparation authentica
Expected `invoke(encode(receipt))` to be identical to `bound`.
Differences:
Component “routing_receipt”: Names: 12 string mismatches
Component “routing_receipt”: Component 1: 1 string mismatch
Component “routing_receipt”: Component 2: 1 string mismatch
Component “routing_receipt”: Component 3: 1 string mismatch
Component “routing_receipt”: Component 4: 1 string mismatch
Component “routing_receipt”: Component 6: 1 string mismatch
Component “routing_receipt”: Component 7: Modes: logical, character
Component “routing_receipt”: Component 7: target is logical, current is character
Component “routing_receipt”: Component 8: 1 string mismatch
...

── 7. Failure ('test-crossgrid-cox.R:1111:9'): Cox worker preparation authentica
Expected `invoke()` to be identical to `bound`.
Differences:
Component “routing_receipt”: Names: 12 string mismatches
Component “routing_receipt”: Component 1: 1 string mismatch
Component “routing_receipt”: Component 2: 1 string mismatch
Component “routing_receipt”: Component 3: 1 string mismatch
Component “routing_receipt”: Component 4: 1 string mismatch
Component “routing_receipt”: Component 6: 1 string mismatch
Component “routing_receipt”: Component 7: Modes: logical, character
Component “routing_receipt”: Component 7: target is logical, current is character
Component “routing_receipt”: Component 8: 1 string mismatch
...

── 8. Failure ('test-crossgrid-cox.R:1112:9'): Cox worker preparation authentica
Expected `invoke()` to be identical to `bound`.
Differences:
Component “routing_receipt”: Names: 12 string mismatches
Component “routing_receipt”: Component 1: 1 string mismatch
Component “routing_receipt”: Component 2: 1 string mismatch
Component “routing_receipt”: Component 3: 1 string mismatch
Component “routing_receipt”: Component 4: 1 string mismatch
Component “routing_receipt”: Component 6: 1 string mismatch
Component “routing_receipt”: Component 7: Modes: logical, character
Component “routing_receipt”: Component 7: target is logical, current is character
Component “routing_receipt”: Component 8: 1 string mismatch
...

── 9. Failure ('test-crossgrid-cox.R:1113:9'): Cox worker preparation authentica
Expected `invoke(encode(receipt))` to be identical to `bound`.
Differences:
Component “routing_receipt”: Names: 12 string mismatches
Component “routing_receipt”: Component 1: 1 string mismatch
Component “routing_receipt”: Component 2: 1 string mismatch
Component “routing_receipt”: Component 3: 1 string mismatch
Component “routing_receipt”: Component 4: 1 string mismatch
Component “routing_receipt”: Component 6: 1 string mismatch
Component “routing_receipt”: Component 7: Modes: logical, character
Component “routing_receipt”: Component 7: target is logical, current is character
Component “routing_receipt”: Component 8: 1 string mismatch
...

══ DONE ════════════════════════════════════════════════════════════════════════
Error: all(frame$failed == 0) is not TRUE
Execution halted
