Warning message:
In normalizePath(args[[2]]) :
  path[1]="integrator-evidence/cycle37-20260920/final-tests": No such file or directory
crossgrid-lmm-schema-cache: ..........

══ DONE ════════════════════════════════════════════════════════════════════════
crossgrid-lmm-sampler-admission: ...........................

══ DONE ════════════════════════════════════════════════════════════════════════
crossgrid-lmm-staged-lifecycle: .....................................

══ DONE ════════════════════════════════════════════════════════════════════════
crossgrid-glmm-staged-lifecycle: .........................................................

══ DONE ════════════════════════════════════════════════════════════════════════
crossgrid-poisson-glmm-staged-lifecycle: ...............................................................

══ DONE ════════════════════════════════════════════════════════════════════════
🎉🎊🎉🎊🎉🎊🎉🎊🎉🎊🎉
dp-synopsis-execution-safety: ..................

══ DONE ════════════════════════════════════════════════════════════════════════
dp-synopsis-exact-gc: .....................................................................................................................................................................

══ DONE ════════════════════════════════════════════════════════════════════════
crossgrid-glmm-gaussian-preflight: ..........

══ DONE ════════════════════════════════════════════════════════════════════════
