DSLITE_ALIGNMENT_COMPLETE
DSLITE_CUSTODIAN_SIGNATURES_COMPLETE
DSLITE_PUBLIC_ADMISSION_COMPLETE
Tracing function ".dsvert_dp_synopsis_client_replay" in package
"namespace:dsVertClient"
Untracing function ".dsvert_dp_synopsis_client_replay" in package
"namespace:dsVertClient"
DSLITE_ORACLE_BITWISE_EQUAL
DIRECT_R_COLD_LIFECYCLE_EQUAL_TAMPER_REJECTED
{"family":"binomial","n":2000,"p":6,"grid":2,"owners":2,"epsilon":8,"instance":1,"elapsed":3216.212,"oracle_only":false,"selected_candidate":2,"exact_best":2,"loss_gap":0,"artifact_key":"fd91ee1f446405ff1ec4c22012e49c86f661278b5aa96e80f992e480393c1657","certificate_sha256":"c0718f55e8c00a57120dce56b11889bb4e29bafcd7811bbb5d026290de4f7937"} 
DSLITE_CUSTODIAN_SIGNATURES_COMPLETE
DSLITE_PUBLIC_ADMISSION_COMPLETE
Tracing function ".dsvert_dp_synopsis_client_replay" in package
"namespace:dsVertClient"
Untracing function ".dsvert_dp_synopsis_client_replay" in package
"namespace:dsVertClient"
DSLITE_ORACLE_BITWISE_EQUAL
DIRECT_R_COLD_LIFECYCLE_EQUAL_TAMPER_REJECTED
{"family":"binomial","n":2000,"p":6,"grid":2,"owners":2,"epsilon":8,"instance":2,"elapsed":2822.927,"oracle_only":false,"selected_candidate":2,"exact_best":2,"loss_gap":0,"artifact_key":"69da3428349a0868ace3ff7d8c092d6d1993ef19088a169a5689fa3106cb03e8","certificate_sha256":"679a1655d36c6c547656e1bbc51e76ddbc1c54135e79aaaa7e08aa5dd441ba83"} 
DSLITE_CUSTODIAN_SIGNATURES_COMPLETE
DSLITE_PUBLIC_ADMISSION_COMPLETE
