DSLITE_ALIGNMENT_COMPLETE
DSLITE_CUSTODIAN_SIGNATURES_COMPLETE
DSLITE_PUBLIC_ADMISSION_COMPLETE
Tracing function ".dsvert_dp_synopsis_client_replay" in package
"namespace:dsVertClient"
Untracing function ".dsvert_dp_synopsis_client_replay" in package
"namespace:dsVertClient"
DSLITE_ORACLE_BITWISE_EQUAL
Error: 
! in callr subprocess.
Caused by error: 
! in callr subprocess.
Caused by error in `(function (server_dir, fixture, signed_contract, signed_schema) …`:
! tamper_rejected is not TRUE
---
Backtrace:
 1. base::source("inst/cross-grid-v2/validate_dslite.R")
 2. | base::withVisible(eval(ei, envir))
 3. | base::eval(ei, envir)
 4. | base::eval(ei, envir)
 5. global run()
 6. base::lapply(peers[owner_names[1:2]], function(peer) peer$worker$run(function(se…
 7. global FUN(X[[i]], ...)
 8. peer$worker$run(function(server_dir, contract, schema) { …
 9. callr:::rs_run(self, private, func, args, package)
10. callr:::throw(res$error)
---
Subprocess backtrace:
1. global grid_cold_lifecycle(server_dir, contract, schema)
2. callr::r(function(server_dir, fixture, signed_contract, signed_schema) { …
3. callr:::get_result(output = out, options)
4. base::throw(callr_remote_error(remerr, output), parent = fix_msg(remerr[[3]]))
5. | base::signalCondition(cond)
6. global (function (e) …
---
Subprocess backtrace:
1. base::stopifnot(changed_rejected, tamper_rejected)
2. base::stop(simpleError(msg, call = if (p <- sys.parent(1L)) sys.call(p)))
3. global (function (e) …
Execution halted
