inst/cross-grid-v2/benchmark_fused_batch.R: OK
inst/cross-grid-v2/fused_vectors.json: OK
inst/cross-grid-v2/generate_fused_vectors.py: OK
inst/cross-grid-v2/generate_kernel_profiles.py: OK
inst/cross-grid-v2/run_fused_pod.sh: OK
inst/cross-grid-v2/validate_fused_vectors.R: OK
inst/dsvert-mpc/cross_grid_binomial_batch_v2_test.go: OK
inst/dsvert-mpc/cross_grid_contract_v1.go: OK
inst/dsvert-mpc/cross_grid_exp_reduced_protocol_v2_test.go: OK
inst/dsvert-mpc/cross_grid_exp_reduced_v2_test.go: OK
inst/dsvert-mpc/cross_grid_profile_protocol_v2_test.go: OK
inst/dsvert-mpc/cross_grid_profile_v2_test.go: OK
inst/dsvert-mpc/cross_grid_profiles_v2.json: OK
inst/dsvert-mpc/cross_grid_reference_v1_test.go: OK
inst/dsvert-mpc/formal_cox_blockwise_control_command.go: OK
inst/dsvert-mpc/formal_cox_blockwise_control_command_test.go: OK
inst/dsvert-mpc/formal_cox_blockwise_control_relay.go: OK
inst/dsvert-mpc/formal_cox_blockwise_control_relay_test.go: OK
inst/dsvert-mpc/formal_cox_blockwise_control_store.go: OK
inst/dsvert-mpc/formal_cox_blockwise_control_store_test.go: OK
inst/dsvert-mpc/formal_cox_blockwise_live_control.go: OK
inst/dsvert-mpc/formal_cox_blockwise_live_control_test.go: OK
inst/dsvert-mpc/formal_cox_blockwise_live_relay.go: OK
inst/dsvert-mpc/formal_cox_blockwise_source_delivery_command.go: OK
inst/dsvert-mpc/formal_cox_blockwise_source_delivery_command_test.go: OK
inst/dsvert-mpc/formal_cox_blockwise_source_import_command.go: OK
inst/dsvert-mpc/formal_cox_blockwise_source_import_command_test.go: OK
inst/dsvert-mpc/formal_cox_blockwise_source_producer_command.go: OK
inst/dsvert-mpc/formal_cox_blockwise_source_producer_command_test.go: OK
inst/dsvert-mpc/formal_cox_blockwise_source_recipient_key_command.go: OK
inst/dsvert-mpc/formal_cox_blockwise_source_recipient_key_command_test.go: OK
inst/dsvert-mpc/formal_cox_public_result_command.go: OK
inst/dsvert-mpc/formal_cox_public_result_command_test.go: OK
inst/dsvert-mpc/formal_finalizer_handoff.go: OK
inst/dsvert-mpc/formal_finalizer_handoff_bridge.go: OK
inst/dsvert-mpc/formal_finalizer_handoff_bridge_command.go: OK
inst/dsvert-mpc/formal_finalizer_handoff_bridge_command_test.go: OK
inst/dsvert-mpc/formal_finalizer_handoff_bridge_test.go: OK
inst/dsvert-mpc/formal_finalizer_handoff_fileinfo_other.go: OK
inst/dsvert-mpc/formal_finalizer_handoff_fileinfo_unix.go: OK
inst/dsvert-mpc/formal_finalizer_handoff_lock_other.go: OK
inst/dsvert-mpc/formal_finalizer_handoff_lock_unix.go: OK
inst/dsvert-mpc/formal_finalizer_handoff_test.go: OK
inst/dsvert-mpc/formal_finalizer_lifecycle_command.go: OK
inst/dsvert-mpc/formal_finalizer_lifecycle_command_test.go: OK
inst/dsvert-mpc/formal_glm_one_draw_control_command.go: OK
inst/dsvert-mpc/formal_glm_one_draw_control_command_test.go: OK
inst/dsvert-mpc/formal_glm_one_draw_control_relay.go: OK
inst/dsvert-mpc/formal_glm_one_draw_control_relay_test.go: OK
inst/dsvert-mpc/formal_glm_one_draw_control_store.go: OK
inst/dsvert-mpc/formal_glm_one_draw_control_store_test.go: OK
inst/dsvert-mpc/formal_glm_phase18_source_project_command.go: OK
inst/dsvert-mpc/formal_glm_phase18_source_project_command_test.go: OK
inst/dsvert-mpc/formal_glm_phase21_public_terminal_command.go: OK
inst/dsvert-mpc/formal_glm_phase21_public_terminal_command_test.go: OK
inst/dsvert-mpc/formal_glm_phase21_public_terminal_store.go: OK
inst/dsvert-mpc/formal_glm_phase21_public_terminal_store_test.go: OK
inst/dsvert-mpc/formal_glm_public_advance_store.go: OK
inst/dsvert-mpc/formal_glm_public_advance_store_test.go: OK
inst/dsvert-mpc/formal_glm_public_bridge_store.go: OK
inst/dsvert-mpc/formal_glm_public_bridge_store_test.go: OK
inst/dsvert-mpc/formal_glm_public_endpoint.go: OK
inst/dsvert-mpc/formal_glm_public_endpoint_test.go: OK
inst/dsvert-mpc/formal_glm_public_model_command.go: OK
inst/dsvert-mpc/formal_glm_public_model_command_test.go: OK
inst/dsvert-mpc/formal_glm_public_phase21_driver.go: OK
inst/dsvert-mpc/formal_glm_public_phase21_driver_test.go: OK
inst/dsvert-mpc/formal_glm_public_result_command.go: OK
inst/dsvert-mpc/formal_glm_public_result_command_test.go: OK
inst/dsvert-mpc/formal_glm_registered_phase18_authorization.go: OK
inst/dsvert-mpc/formal_glm_registered_phase18_authorization_test.go: OK
inst/dsvert-mpc/formal_glm_registered_phase18_ingress.go: OK
inst/dsvert-mpc/formal_glm_registered_phase18_ingress_provenance.go: OK
inst/dsvert-mpc/formal_glm_registered_phase18_ingress_provenance_test.go: OK
inst/dsvert-mpc/formal_glm_registered_phase18_ingress_test.go: OK
inst/dsvert-mpc/formal_glm_registered_phase18_local_receipt.go: OK
inst/dsvert-mpc/formal_glm_registered_phase18_local_receipt_test.go: OK
inst/dsvert-mpc/formal_glm_registered_phase18_materialized_pair.go: OK
inst/dsvert-mpc/formal_glm_registered_phase18_materialized_pair_test.go: OK
inst/dsvert-mpc/formal_glm_registered_phase18_pending_chunks.go: OK
inst/dsvert-mpc/formal_glm_registered_phase18_pending_chunks_test.go: OK
inst/dsvert-mpc/formal_glm_registered_phase18_pending_pairs.go: OK
inst/dsvert-mpc/formal_glm_registered_phase18_pending_pairs_test.go: OK
inst/dsvert-mpc/formal_glm_registered_phase18_provenance.go: OK
inst/dsvert-mpc/formal_glm_registered_phase18_provenance_test.go: OK
inst/dsvert-mpc/formal_glm_registered_phase18_receipt_set_assembler.go: OK
inst/dsvert-mpc/formal_glm_registered_phase18_receipt_set_assembler_test.go: OK
inst/dsvert-mpc/formal_glm_registered_phase18_source_command.go: OK
inst/dsvert-mpc/formal_glm_registered_phase18_source_command_test.go: OK
inst/dsvert-mpc/formal_glm_registered_phase18_source_outbox.go: OK
inst/dsvert-mpc/formal_glm_registered_phase18_source_outbox_test.go: OK
inst/dsvert-mpc/formal_glm_registered_phase18_store.go: OK
inst/dsvert-mpc/formal_glm_registered_phase18_store_test.go: OK
inst/dsvert-mpc/formal_glm_registered_phase18_ticket_store.go: OK
inst/dsvert-mpc/formal_glm_registered_phase18_ticket_store_test.go: OK
inst/dsvert-mpc/formal_glm_registered_phase19_accumulator.go: OK
inst/dsvert-mpc/formal_glm_registered_phase19_accumulator_test.go: OK
inst/dsvert-mpc/formal_glm_registered_phase19_attempt_store.go: OK
inst/dsvert-mpc/formal_glm_registered_phase19_attempt_store_test.go: OK
inst/dsvert-mpc/formal_glm_registered_phase19_binding.go: OK
inst/dsvert-mpc/formal_glm_registered_phase19_binding_test.go: OK
inst/dsvert-mpc/formal_glm_registered_phase19_block_stream.go: OK
inst/dsvert-mpc/formal_glm_registered_phase19_block_stream_test.go: OK
inst/dsvert-mpc/formal_glm_registered_phase19_compute_pipeline.go: OK
inst/dsvert-mpc/formal_glm_registered_phase19_compute_pipeline_test.go: OK
inst/dsvert-mpc/formal_glm_registered_phase19_execution.go: OK
inst/dsvert-mpc/formal_glm_registered_phase19_execution_test.go: OK
inst/dsvert-mpc/formal_glm_registered_phase19_fanin.go: OK
inst/dsvert-mpc/formal_glm_registered_phase19_fanin_test.go: OK
inst/dsvert-mpc/formal_glm_registered_phase19_loader.go: OK
inst/dsvert-mpc/formal_glm_registered_phase19_loader_test.go: OK
inst/dsvert-mpc/formal_glm_registered_phase19_pair_keys.go: OK
inst/dsvert-mpc/formal_glm_registered_phase19_pair_keys_test.go: OK
inst/dsvert-mpc/formal_glm_registered_phase19_schedule_tail.go: OK
inst/dsvert-mpc/formal_glm_registered_phase19_schedule_tail_test.go: OK
inst/dsvert-mpc/formal_glm_registered_phase20_attempt_fence.go: OK
inst/dsvert-mpc/formal_glm_registered_phase20_attempt_fence_test.go: OK
inst/dsvert-mpc/formal_glm_registered_phase20_compute_ready.go: OK
inst/dsvert-mpc/formal_glm_registered_phase20_compute_ready_test.go: OK
inst/dsvert-mpc/formal_glm_registered_phase20_dp_share_receipts.go: OK
inst/dsvert-mpc/formal_glm_registered_phase20_dp_share_receipts_test.go: OK
inst/dsvert-mpc/formal_glm_registered_phase20_evidence.go: OK
inst/dsvert-mpc/formal_glm_registered_phase20_evidence_test.go: OK
inst/dsvert-mpc/formal_glm_registered_phase20_handoff_adapter.go: OK
inst/dsvert-mpc/formal_glm_registered_phase20_handoff_adapter_test.go: OK
inst/dsvert-mpc/formal_glm_registered_phase20_job_compute.go: OK
inst/dsvert-mpc/formal_glm_registered_phase20_job_compute_test.go: OK
inst/dsvert-mpc/formal_glm_registered_phase20_job_control.go: OK
inst/dsvert-mpc/formal_glm_registered_phase20_job_control_command.go: OK
inst/dsvert-mpc/formal_glm_registered_phase20_job_control_command_test.go: OK
inst/dsvert-mpc/formal_glm_registered_phase20_job_control_host.go: OK
inst/dsvert-mpc/formal_glm_registered_phase20_job_control_host_compute_test.go: OK
inst/dsvert-mpc/formal_glm_registered_phase20_job_control_host_daemon.go: OK
inst/dsvert-mpc/formal_glm_registered_phase20_job_control_host_daemon_test.go: OK
inst/dsvert-mpc/formal_glm_registered_phase20_job_control_host_provision.go: OK
inst/dsvert-mpc/formal_glm_registered_phase20_job_control_host_provision_test.go: OK
inst/dsvert-mpc/formal_glm_registered_phase20_job_control_host_test.go: OK
inst/dsvert-mpc/formal_glm_registered_phase20_job_control_test.go: OK
inst/dsvert-mpc/formal_glm_registered_phase20_job_ingress_bridge.go: OK
inst/dsvert-mpc/formal_glm_registered_phase20_job_ingress_bridge_test.go: OK
inst/dsvert-mpc/formal_glm_registered_phase20_job_keys.go: OK
inst/dsvert-mpc/formal_glm_registered_phase20_job_keys_test.go: OK
inst/dsvert-mpc/formal_glm_registered_phase20_job_owner.go: OK
inst/dsvert-mpc/formal_glm_registered_phase20_job_owner_test.go: OK
inst/dsvert-mpc/formal_glm_registered_phase20_job_terminal.go: OK
inst/dsvert-mpc/formal_glm_registered_phase20_job_terminal_test.go: OK
inst/dsvert-mpc/formal_glm_registered_phase20_job_transport.go: OK
inst/dsvert-mpc/formal_glm_registered_phase20_job_transport_relay_store.go: OK
inst/dsvert-mpc/formal_glm_registered_phase20_job_transport_relay_store_test.go: OK
inst/dsvert-mpc/formal_glm_registered_phase20_job_transport_test.go: OK
inst/dsvert-mpc/formal_glm_registered_phase20_job_worker_controller.go: OK
inst/dsvert-mpc/formal_glm_registered_phase20_job_worker_controller_test.go: OK
inst/dsvert-mpc/formal_glm_registered_phase20_terminal_store.go: OK
inst/dsvert-mpc/formal_glm_registered_phase20_terminal_store_test.go: OK
inst/dsvert-mpc/formal_glm_registered_phase21_ack_host.go: OK
inst/dsvert-mpc/formal_glm_registered_phase21_authorization_host.go: OK
inst/dsvert-mpc/formal_glm_registered_phase21_candidate_host.go: OK
inst/dsvert-mpc/formal_glm_registered_phase21_certificate_host.go: OK
inst/dsvert-mpc/formal_glm_registered_phase21_cleanup_host.go: OK
inst/dsvert-mpc/formal_glm_registered_phase21_commit_host.go: OK
inst/dsvert-mpc/formal_glm_registered_phase21_postselected_host.go: OK
inst/dsvert-mpc/formal_glm_registered_phase21_postselected_phase16.go: OK
inst/dsvert-mpc/formal_glm_registered_phase21_postselected_phase16_test.go: OK
inst/dsvert-mpc/formal_glm_registered_phase21_postselected_signing.go: OK
inst/dsvert-mpc/formal_glm_registered_phase21_preflight_host.go: OK
inst/dsvert-mpc/formal_glm_registered_phase21_publication_assets.go: OK
inst/dsvert-mpc/formal_glm_registered_phase21_publication_assets_test.go: OK
inst/dsvert-mpc/formal_glm_registered_phase21_publication_context.go: OK
inst/dsvert-mpc/formal_glm_registered_phase21_publication_context_test.go: OK
inst/dsvert-mpc/formal_glm_registered_phase21_publication_host.go: OK
inst/dsvert-mpc/formal_glm_registered_phase21_seal_host.go: OK
inst/dsvert-mpc/formal_glm_registered_phase21_stage_host.go: OK
inst/dsvert-mpc/formal_glm_registered_phase21_stage_host_test.go: OK
inst/dsvert-mpc/formal_glm_registered_phase21_stage_relay.go: OK
inst/dsvert-mpc/formal_glm_registered_phase21_stage_relay_test.go: OK
inst/dsvert-mpc/formal_glm_registered_phase21_terminal_adapter.go: OK
inst/dsvert-mpc/formal_glm_registered_phase21_ticket_host.go: OK
inst/dsvert-mpc/formal_glm_registered_phase21_verify_host.go: OK
inst/dsvert-mpc/formal_glm_sampler_v2_authority_root_store.go: OK
inst/dsvert-mpc/formal_glm_sampler_v2_contract_store.go: OK
inst/dsvert-mpc/formal_glm_sampler_v2_store_test.go: OK
inst/dsvert-mpc/formal_glm_source_contract.go: OK
inst/dsvert-mpc/formal_glm_source_contract_store.go: OK
inst/dsvert-mpc/formal_glm_source_contract_store_test.go: OK
inst/dsvert-mpc/formal_glm_source_contract_test.go: OK
inst/dsvert-mpc/go.mod: OK
inst/dsvert-mpc/go.sum: OK
inst/dsvert-mpc/k2_beaver_google.go: OK
inst/dsvert-mpc/k2_beaver_google_ring127.go: OK
inst/dsvert-mpc/k2_beaver_google_ring127_ops.go: OK
inst/dsvert-mpc/k2_beaver_google_ring127_ops_test.go: OK
inst/dsvert-mpc/k2_beaver_google_ring127_test.go: OK
inst/dsvert-mpc/k2_beaver_vecmul.go: OK
inst/dsvert-mpc/k2_beaver_vecmul_ring127.go: OK
inst/dsvert-mpc/k2_beaver_vecmul_test.go: OK
inst/dsvert-mpc/k2_biomedical_gaussian_full_durable_release.go: OK
inst/dsvert-mpc/k2_biomedical_gaussian_full_phase19.go: OK
inst/dsvert-mpc/k2_biomedical_gaussian_full_release_test.go: OK
inst/dsvert-mpc/k2_biomedical_gaussian_independent_full.go: OK
inst/dsvert-mpc/k2_biomedical_gaussian_independent_full_test.go: OK
inst/dsvert-mpc/k2_biomedical_gaussian_one_draw_admission.go: OK
inst/dsvert-mpc/k2_biomedical_gaussian_one_draw_admission_test.go: OK
inst/dsvert-mpc/k2_biomedical_gaussian_one_draw_durable_release.go: OK
inst/dsvert-mpc/k2_biomedical_gaussian_one_draw_durable_release_test.go: OK
inst/dsvert-mpc/k2_biomedical_gaussian_one_draw_worker_envelope.go: OK
inst/dsvert-mpc/k2_biomedical_gaussian_one_draw_worker_envelope_test.go: OK
inst/dsvert-mpc/k2_chebyshev.go: OK
inst/dsvert-mpc/k2_cmp_threshold.go: OK
inst/dsvert-mpc/k2_cmp_threshold_test.go: OK
inst/dsvert-mpc/k2_config.go: OK
inst/dsvert-mpc/k2_dcf.go: OK
inst/dsvert-mpc/k2_dcf_protocol.go: OK
inst/dsvert-mpc/k2_dcf_ring127.go: OK
inst/dsvert-mpc/k2_dcf_ring127_serialize.go: OK
inst/dsvert-mpc/k2_dcf_ring127_test.go: OK
inst/dsvert-mpc/k2_distributed_cmp.go: OK
inst/dsvert-mpc/k2_distributed_cmp_ring127.go: OK
inst/dsvert-mpc/k2_distributed_cmp_ring127_test.go: OK
inst/dsvert-mpc/k2_dp_gaussian.go: OK
inst/dsvert-mpc/k2_dp_gaussian_test.go: OK
inst/dsvert-mpc/k2_dp_noise.go: OK
inst/dsvert-mpc/k2_dp_noise_test.go: OK
inst/dsvert-mpc/k2_dp_selection.go: OK
inst/dsvert-mpc/k2_dp_selection_test.go: OK
inst/dsvert-mpc/k2_dp_timing_benchmark_test.go: OK
inst/dsvert-mpc/k2_exact_gc_adversarial_test.go: OK
inst/dsvert-mpc/k2_exact_gc_alignment_mask_test.go: OK
inst/dsvert-mpc/k2_exact_gc_capability.go: OK
inst/dsvert-mpc/k2_exact_gc_categorical_product_test.go: OK
inst/dsvert-mpc/k2_exact_gc_compact.go: OK
inst/dsvert-mpc/k2_exact_gc_core.go: OK
inst/dsvert-mpc/k2_exact_gc_core_test.go: OK
inst/dsvert-mpc/k2_exact_gc_crt_to_ring.go: OK
inst/dsvert-mpc/k2_exact_gc_crt_to_ring_test.go: OK
inst/dsvert-mpc/k2_exact_gc_encoding.go: OK
inst/dsvert-mpc/k2_exact_gc_failure.go: OK
inst/dsvert-mpc/k2_exact_gc_fileinfo_other.go: OK
inst/dsvert-mpc/k2_exact_gc_fileinfo_unix.go: OK
inst/dsvert-mpc/k2_exact_gc_glm_grid.go: OK
inst/dsvert-mpc/k2_exact_gc_glm_grid_protocol.go: OK
inst/dsvert-mpc/k2_exact_gc_glm_grid_protocol_test.go: OK
inst/dsvert-mpc/k2_exact_gc_glm_grid_test.go: OK
inst/dsvert-mpc/k2_exact_gc_glm_optimizer.go: OK
inst/dsvert-mpc/k2_exact_gc_glm_profile.go: OK
inst/dsvert-mpc/k2_exact_gc_mul_truncate_test.go: OK
inst/dsvert-mpc/k2_exact_gc_multiprecision_test.go: OK
inst/dsvert-mpc/k2_exact_gc_plan.go: OK
inst/dsvert-mpc/k2_exact_gc_plan_test.go: OK
inst/dsvert-mpc/k2_exact_gc_spool.go: OK
inst/dsvert-mpc/k2_exact_gc_transport.go: OK
inst/dsvert-mpc/k2_exact_gc_transport_test.go: OK
inst/dsvert-mpc/k2_exact_gc_worker.go: OK
inst/dsvert-mpc/k2_exact_gc_worker_test.go: OK
inst/dsvert-mpc/k2_exp127.go: OK
inst/dsvert-mpc/k2_exp127_e2e_test.go: OK
inst/dsvert-mpc/k2_exp127_handler.go: OK
inst/dsvert-mpc/k2_exp127_handler_test.go: OK
inst/dsvert-mpc/k2_exp127_test.go: OK
inst/dsvert-mpc/k2_formal_cox_blockwise_circuit.go: OK
inst/dsvert-mpc/k2_formal_cox_blockwise_distributed_lifecycle_test.go: OK
inst/dsvert-mpc/k2_formal_cox_blockwise_distributed_opening.go: OK
inst/dsvert-mpc/k2_formal_cox_blockwise_distributed_opening_test.go: OK
inst/dsvert-mpc/k2_formal_cox_blockwise_exchange_controller.go: OK
inst/dsvert-mpc/k2_formal_cox_blockwise_exchange_controller_test.go: OK
inst/dsvert-mpc/k2_formal_cox_blockwise_exchange_daemon.go: OK
inst/dsvert-mpc/k2_formal_cox_blockwise_exchange_daemon_test.go: OK
inst/dsvert-mpc/k2_formal_cox_blockwise_exchange_lease.go: OK
inst/dsvert-mpc/k2_formal_cox_blockwise_exchange_lease_test.go: OK
inst/dsvert-mpc/k2_formal_cox_blockwise_exchange_transport.go: OK
inst/dsvert-mpc/k2_formal_cox_blockwise_exchange_transport_test.go: OK
inst/dsvert-mpc/k2_formal_cox_blockwise_oracle.go: OK
inst/dsvert-mpc/k2_formal_cox_blockwise_plan.go: OK
inst/dsvert-mpc/k2_formal_cox_blockwise_rock_lifecycle.go: OK
inst/dsvert-mpc/k2_formal_cox_blockwise_rock_lifecycle_test.go: OK
inst/dsvert-mpc/k2_formal_cox_blockwise_sampler_source_offer.go: OK
inst/dsvert-mpc/k2_formal_cox_blockwise_sampler_source_offer_test.go: OK
inst/dsvert-mpc/k2_formal_cox_blockwise_source_bridge.go: OK
inst/dsvert-mpc/k2_formal_cox_blockwise_source_bridge_test.go: OK
inst/dsvert-mpc/k2_formal_cox_blockwise_source_delivery.go: OK
inst/dsvert-mpc/k2_formal_cox_blockwise_source_delivery_test.go: OK
inst/dsvert-mpc/k2_formal_cox_blockwise_source_owner_flags_other.go: OK
inst/dsvert-mpc/k2_formal_cox_blockwise_source_owner_flags_unix.go: OK
inst/dsvert-mpc/k2_formal_cox_blockwise_source_producer.go: OK
inst/dsvert-mpc/k2_formal_cox_blockwise_source_producer_test.go: OK
inst/dsvert-mpc/k2_formal_cox_blockwise_source_store.go: OK
inst/dsvert-mpc/k2_formal_cox_blockwise_source_store_test.go: OK
inst/dsvert-mpc/k2_formal_cox_blockwise_sticky_guard.go: OK
inst/dsvert-mpc/k2_formal_cox_blockwise_sticky_guard_test.go: OK
inst/dsvert-mpc/k2_formal_cox_blockwise_sticky_opening.go: OK
inst/dsvert-mpc/k2_formal_cox_blockwise_sticky_opening_test.go: OK
inst/dsvert-mpc/k2_formal_cox_blockwise_test.go: OK
inst/dsvert-mpc/k2_formal_cox_blockwise_worker.go: OK
inst/dsvert-mpc/k2_formal_cox_blockwise_worker_bootstrap.go: OK
inst/dsvert-mpc/k2_formal_cox_blockwise_worker_bootstrap_test.go: OK
inst/dsvert-mpc/k2_formal_cox_blockwise_worker_finalizer.go: OK
inst/dsvert-mpc/k2_formal_cox_blockwise_worker_host.go: OK
inst/dsvert-mpc/k2_formal_cox_blockwise_worker_host_test.go: OK
inst/dsvert-mpc/k2_formal_cox_blockwise_worker_provision.go: OK
inst/dsvert-mpc/k2_formal_cox_blockwise_worker_provision_test.go: OK
inst/dsvert-mpc/k2_formal_cox_blockwise_worker_recovery.go: OK
inst/dsvert-mpc/k2_formal_cox_blockwise_worker_recovery_test.go: OK
inst/dsvert-mpc/k2_formal_cox_blockwise_worker_test.go: OK
inst/dsvert-mpc/k2_formal_cox_dp_plan.go: OK
inst/dsvert-mpc/k2_formal_cox_ledger_authority.go: OK
inst/dsvert-mpc/k2_formal_cox_numeric_certificate.go: OK
inst/dsvert-mpc/k2_formal_cox_phase1.go: OK
inst/dsvert-mpc/k2_formal_cox_phase1_test.go: OK
inst/dsvert-mpc/k2_formal_cox_r_source_bridge_test.go: OK
inst/dsvert-mpc/k2_formal_cox_runtime.go: OK
inst/dsvert-mpc/k2_formal_cox_runtime_binding.go: OK
inst/dsvert-mpc/k2_formal_cox_runtime_execution.go: OK
inst/dsvert-mpc/k2_formal_cox_runtime_test.go: OK
inst/dsvert-mpc/k2_formal_cox_schema_compiler.go: OK
inst/dsvert-mpc/k2_formal_cox_schema_compiler_test.go: OK
inst/dsvert-mpc/k2_formal_cox_source_fanin.go: OK
inst/dsvert-mpc/k2_formal_glm_phase1.go: OK
inst/dsvert-mpc/k2_formal_glm_phase15_adapter.go: OK
inst/dsvert-mpc/k2_formal_glm_phase15_checkpoint.go: OK
inst/dsvert-mpc/k2_formal_glm_phase15_dp_bridge.go: OK
inst/dsvert-mpc/k2_formal_glm_phase15_dp_bridge_test.go: OK
inst/dsvert-mpc/k2_formal_glm_phase15_streaming.go: OK
inst/dsvert-mpc/k2_formal_glm_phase15_test.go: OK
inst/dsvert-mpc/k2_formal_glm_phase16_backend_selection.go: OK
inst/dsvert-mpc/k2_formal_glm_phase16_backend_selection_test.go: OK
inst/dsvert-mpc/k2_formal_glm_phase16_certified_release.go: OK
inst/dsvert-mpc/k2_formal_glm_phase16_full_durable_release.go: OK
inst/dsvert-mpc/k2_formal_glm_phase16_full_fallback_admission.go: OK
inst/dsvert-mpc/k2_formal_glm_phase16_full_fallback_test.go: OK
inst/dsvert-mpc/k2_formal_glm_phase16_full_range_guard.go: OK
inst/dsvert-mpc/k2_formal_glm_phase16_productive_cost.go: OK
inst/dsvert-mpc/k2_formal_glm_phase16_productive_release.go: OK
inst/dsvert-mpc/k2_formal_glm_phase16_productive_release_test.go: OK
inst/dsvert-mpc/k2_formal_glm_phase16_release_adapter.go: OK
inst/dsvert-mpc/k2_formal_glm_phase16_release_adapter_test.go: OK
inst/dsvert-mpc/k2_formal_glm_phase17_authenticated_admission.go: OK
inst/dsvert-mpc/k2_formal_glm_phase17_authenticated_admission_test.go: OK
inst/dsvert-mpc/k2_formal_glm_phase18_durable_finalizer.go: OK
inst/dsvert-mpc/k2_formal_glm_phase18_durable_finalizer_test.go: OK
inst/dsvert-mpc/k2_formal_glm_phase19_bounded_accumulator.go: OK
inst/dsvert-mpc/k2_formal_glm_phase19_bounded_accumulator_test.go: OK
inst/dsvert-mpc/k2_formal_glm_phase19_evidence.go: OK
inst/dsvert-mpc/k2_formal_glm_phase19_protected_fanin.go: OK
inst/dsvert-mpc/k2_formal_glm_phase19_protected_fanin_test.go: OK
inst/dsvert-mpc/k2_formal_glm_phase19_runtime.go: OK
inst/dsvert-mpc/k2_formal_glm_phase19_runtime_test.go: OK
inst/dsvert-mpc/k2_formal_glm_phase19_schedule_worker.go: OK
inst/dsvert-mpc/k2_formal_glm_phase19_schedule_worker_test.go: OK
inst/dsvert-mpc/k2_formal_glm_phase19_stream_accumulator.go: OK
inst/dsvert-mpc/k2_formal_glm_phase19_stream_runtime.go: OK
inst/dsvert-mpc/k2_formal_glm_phase19_stream_store.go: OK
inst/dsvert-mpc/k2_formal_glm_phase19_stream_store_test.go: OK
inst/dsvert-mpc/k2_formal_glm_phase19_transcript_bound.go: OK
inst/dsvert-mpc/k2_formal_glm_phase19_transcript_bound_test.go: OK
inst/dsvert-mpc/k2_formal_glm_phase1_test.go: OK
inst/dsvert-mpc/k2_formal_glm_phase20_handoff.go: OK
inst/dsvert-mpc/k2_formal_glm_phase20_handoff_test.go: OK
inst/dsvert-mpc/k2_formal_glm_phase21_bound_release.go: OK
inst/dsvert-mpc/k2_formal_glm_phase21_bound_release_test.go: OK
inst/dsvert-mpc/k2_formal_glm_phase21_distributed_finalizer.go: OK
inst/dsvert-mpc/k2_formal_glm_phase21_distributed_finalizer_test.go: OK
inst/dsvert-mpc/k2_formal_glm_phase21_distributed_lifecycle.go: OK
inst/dsvert-mpc/k2_formal_glm_phase21_distributed_lifecycle_test.go: OK
inst/dsvert-mpc/k2_formal_glm_phase21_full_bound_release.go: OK
inst/dsvert-mpc/k2_formal_glm_phase21_full_bound_release_test.go: OK
inst/dsvert-mpc/k2_formal_glm_phase21_local_spool.go: OK
inst/dsvert-mpc/k2_formal_glm_phase21_public_release.go: OK
inst/dsvert-mpc/k2_formal_glm_phase21_public_release_test.go: OK
inst/dsvert-mpc/k2_formal_glm_phase21_rock_lifecycle.go: OK
inst/dsvert-mpc/k2_formal_glm_phase21_rock_lifecycle_test.go: OK
inst/dsvert-mpc/k2_formal_glm_phase21_sticky_release.go: OK
inst/dsvert-mpc/k2_formal_glm_phase21_sticky_release_test.go: OK
inst/dsvert-mpc/k2_formal_glm_phase21_terminal_race_test.go: OK
inst/dsvert-mpc/k2_formal_glm_pre_source_descriptor.go: OK
inst/dsvert-mpc/k2_formal_glm_pre_source_descriptor_test.go: OK
inst/dsvert-mpc/k2_formal_glm_pre_source_projection.go: OK
inst/dsvert-mpc/k2_formal_glm_pre_source_projection_test.go: OK
inst/dsvert-mpc/k2_formal_glm_registered_execution_plan.go: OK
inst/dsvert-mpc/k2_formal_glm_registered_execution_plan_test.go: OK
inst/dsvert-mpc/k2_formal_glm_registered_public_lifecycle_test.go: OK
inst/dsvert-mpc/k2_formal_glm_registry_descriptor.go: OK
inst/dsvert-mpc/k2_formal_glm_registry_descriptor_test.go: OK
inst/dsvert-mpc/k2_fp_ops.go: OK
inst/dsvert-mpc/k2_fp_ops_ring127.go: OK
inst/dsvert-mpc/k2_fp_ops_test.go: OK
inst/dsvert-mpc/k2_frequency_backend_selection_v1.go: OK
inst/dsvert-mpc/k2_frequency_backend_selection_v1_test.go: OK
inst/dsvert-mpc/k2_full_iter.go: OK
inst/dsvert-mpc/k2_full_iter_ring127.go: OK
inst/dsvert-mpc/k2_iknp_kos.go: OK
inst/dsvert-mpc/k2_iknp_kos_test.go: OK
inst/dsvert-mpc/k2_iknp_ot.go: OK
inst/dsvert-mpc/k2_iknp_ot_test.go: OK
inst/dsvert-mpc/k2_joint_dp_convolution.go: OK
inst/dsvert-mpc/k2_joint_dp_convolution_test.go: OK
inst/dsvert-mpc/k2_joint_dp_discrete_gaussian_fixed.go: OK
inst/dsvert-mpc/k2_joint_dp_discrete_gaussian_fixed_test.go: OK
inst/dsvert-mpc/k2_joint_dp_discrete_gaussian_v1.go: OK
inst/dsvert-mpc/k2_joint_dp_discrete_gaussian_v1_test.go: OK
inst/dsvert-mpc/k2_joint_dp_gaussian_one_draw.go: OK
inst/dsvert-mpc/k2_joint_dp_gaussian_one_draw_test.go: OK
inst/dsvert-mpc/k2_joint_dp_laplace.go: OK
inst/dsvert-mpc/k2_joint_dp_laplace_test.go: OK
inst/dsvert-mpc/k2_joint_dp_privacy_oracle_test.go: OK
inst/dsvert-mpc/k2_joint_dp_vector.go: OK
inst/dsvert-mpc/k2_joint_dp_vector_convolution_v3.go: OK
inst/dsvert-mpc/k2_joint_dp_vector_convolution_v3_test.go: OK
inst/dsvert-mpc/k2_joint_dp_vector_privacy_oracle_test.go: OK
inst/dsvert-mpc/k2_joint_dp_vector_test.go: OK
inst/dsvert-mpc/k2_joint_dp_vector_worker_contract.go: OK
inst/dsvert-mpc/k2_joint_dp_worker_contract.go: OK
inst/dsvert-mpc/k2_joint_dp_worker_contract_test.go: OK
inst/dsvert-mpc/k2_log_shift127.go: OK
inst/dsvert-mpc/k2_log_shift127_test.go: OK
inst/dsvert-mpc/k2_log_shift_handler.go: OK
inst/dsvert-mpc/k2_log_shift_handler_test.go: OK
inst/dsvert-mpc/k2_log_shift_wide127.go: OK
inst/dsvert-mpc/k2_log_shift_wide_handler.go: OK
inst/dsvert-mpc/k2_log_shift_wide_handler_test.go: OK
inst/dsvert-mpc/k2_mpcl_runtime_assets.go: OK
inst/dsvert-mpc/k2_numeric_validation.go: OK
inst/dsvert-mpc/k2_numeric_validation_test.go: OK
inst/dsvert-mpc/k2_ot_beaver.go: OK
inst/dsvert-mpc/k2_ot_beaver_test.go: OK
inst/dsvert-mpc/k2_pipelines_test.go: OK
inst/dsvert-mpc/k2_recip127.go: OK
inst/dsvert-mpc/k2_recip127_cheb.go: OK
inst/dsvert-mpc/k2_recip127_cheb_test.go: OK
inst/dsvert-mpc/k2_recip127_e2e_test.go: OK
inst/dsvert-mpc/k2_recip127_handler.go: OK
inst/dsvert-mpc/k2_recip127_handler_test.go: OK
inst/dsvert-mpc/k2_recip127_test.go: OK
inst/dsvert-mpc/k2_ring127.go: OK
inst/dsvert-mpc/k2_ring127_affine_combine.go: OK
inst/dsvert-mpc/k2_ring127_affine_combine_test.go: OK
inst/dsvert-mpc/k2_ring127_bytes.go: OK
inst/dsvert-mpc/k2_ring127_cox_poc_test.go: OK
inst/dsvert-mpc/k2_ring127_local_scale_share.go: OK
inst/dsvert-mpc/k2_ring127_local_scale_share_test.go: OK
inst/dsvert-mpc/k2_ring127_test.go: OK
inst/dsvert-mpc/k2_ring128_sum_records.go: OK
inst/dsvert-mpc/k2_ring128_sum_records_test.go: OK
inst/dsvert-mpc/k2_secure_exp.go: OK
inst/dsvert-mpc/k2_sigmoid127.go: OK
inst/dsvert-mpc/k2_sigmoid127_handler.go: OK
inst/dsvert-mpc/k2_sigmoid127_test.go: OK
inst/dsvert-mpc/k2_sigmoid_e2e_test.go: OK
inst/dsvert-mpc/k2_softplus127.go: OK
inst/dsvert-mpc/k2_softplus127_handler.go: OK
inst/dsvert-mpc/k2_softplus127_test.go: OK
inst/dsvert-mpc/k2_spline_protocol.go: OK
inst/dsvert-mpc/k2_spline_protocol_ring127.go: OK
inst/dsvert-mpc/k2_spline_protocol_ring127_test.go: OK
inst/dsvert-mpc/k2_truncation.go: OK
inst/dsvert-mpc/k2_truncation_bias_test.go: OK
inst/dsvert-mpc/k2_wide_spline.go: OK
inst/dsvert-mpc/k2_wide_spline_test.go: OK
inst/dsvert-mpc/main.go: OK
inst/dsvert-mpc/mpc_fixedpoint.go: OK
inst/dsvert-mpc/psi_handlers.go: OK
inst/dsvert-mpc/psi_ops.go: OK
inst/dsvert-mpc/psi_ops_test.go: OK
inst/dsvert-mpc/runtime_capabilities.go: OK
inst/dsvert-mpc/runtime_capabilities_test.go: OK
inst/dsvert-mpc/transport_ops.go: OK
inst/dsvert-mpc/typed_source_stream.go: OK
inst/dsvert-mpc/typed_source_stream_test.go: OK
inst/dsvert-mpc/utils.go: OK
tests/testthat/helper-cross-grid-integer.R: OK
