=== RUN   TestCrossGridFullMeasurement
=== RUN   TestCrossGridFullMeasurement/binomial
    cross_grid_full_benchmark_test.go:146: compiled family=binomial rows=32 candidates=8 elapsed=64.342
    cross_grid_full_benchmark_test.go:146: compiled family=binomial rows=32 candidates=2 elapsed=76.288
    cross_grid_full_benchmark_test.go:146: compiled family=binomial rows=16 candidates=8 elapsed=99.299
    cross_grid_full_benchmark_test.go:146: compiled family=binomial rows=16 candidates=2 elapsed=104.595
    cross_grid_full_benchmark_test.go:197: progress family=binomial n=10000 completed=100/2191 seconds=54.217
    cross_grid_full_benchmark_test.go:197: progress family=binomial n=10000 completed=200/2191 seconds=110.270
    cross_grid_full_benchmark_test.go:197: progress family=binomial n=10000 completed=300/2191 seconds=166.778
    cross_grid_full_benchmark_test.go:197: progress family=binomial n=10000 completed=400/2191 seconds=226.641
    cross_grid_full_benchmark_test.go:197: progress family=binomial n=10000 completed=500/2191 seconds=282.738
    cross_grid_full_benchmark_test.go:197: progress family=binomial n=10000 completed=600/2191 seconds=338.117
    cross_grid_full_benchmark_test.go:197: progress family=binomial n=10000 completed=700/2191 seconds=397.515
    cross_grid_full_benchmark_test.go:197: progress family=binomial n=10000 completed=800/2191 seconds=456.277
    cross_grid_full_benchmark_test.go:197: progress family=binomial n=10000 completed=900/2191 seconds=508.274
    cross_grid_full_benchmark_test.go:197: progress family=binomial n=10000 completed=1000/2191 seconds=556.831
    cross_grid_full_benchmark_test.go:197: progress family=binomial n=10000 completed=1100/2191 seconds=607.398
    cross_grid_full_benchmark_test.go:197: progress family=binomial n=10000 completed=1200/2191 seconds=662.224
    cross_grid_full_benchmark_test.go:197: progress family=binomial n=10000 completed=1300/2191 seconds=716.019
    cross_grid_full_benchmark_test.go:197: progress family=binomial n=10000 completed=1400/2191 seconds=786.336
    cross_grid_full_benchmark_test.go:197: progress family=binomial n=10000 completed=1500/2191 seconds=841.400
    cross_grid_full_benchmark_test.go:197: progress family=binomial n=10000 completed=1600/2191 seconds=894.536
    cross_grid_full_benchmark_test.go:197: progress family=binomial n=10000 completed=1700/2191 seconds=948.585
    cross_grid_full_benchmark_test.go:197: progress family=binomial n=10000 completed=1800/2191 seconds=1005.688
    cross_grid_full_benchmark_test.go:197: progress family=binomial n=10000 completed=1900/2191 seconds=1061.783
    cross_grid_full_benchmark_test.go:197: progress family=binomial n=10000 completed=2000/2191 seconds=1115.785
    cross_grid_full_benchmark_test.go:197: progress family=binomial n=10000 completed=2100/2191 seconds=1162.721
    cross_grid_full_benchmark_test.go:210: KERNEL_MEASUREMENT family=binomial n=10000 p=5 grid=50 batches=2191 and=1966065601 wire_bytes=74084304192 seconds=1200.389
    cross_grid_full_benchmark_test.go:214: FULL_MEASUREMENT {"authenticated_server_release":false,"batches":2191,"compile_seconds":104.595597499,"family":"binomial","grid":50,"integer_and_dp_oracle_equal":true,"joint_noise_seconds":354.687440421,"joint_noise_wire_bytes":978138708,"kernel_and":1966065601,"kernel_and_per_eval":3932.131202,"kernel_seconds":1200.3894194,"kernel_wire_bytes":74084304192,"n":10000,"p":5,"peer_pairs":4,"total_seconds":1659.672620654,"total_wire_bytes":75062442900}
--- PASS: TestCrossGridFullMeasurement (1659.68s)
    --- PASS: TestCrossGridFullMeasurement/binomial (1659.67s)
PASS
