=== RUN   TestCrossGridFullMeasurement
=== RUN   TestCrossGridFullMeasurement/binomial
    cross_grid_full_benchmark_test.go:146: compiled family=binomial rows=32 candidates=8 elapsed=124.372
    cross_grid_full_benchmark_test.go:146: compiled family=binomial rows=32 candidates=2 elapsed=140.567
    cross_grid_full_benchmark_test.go:146: compiled family=binomial rows=16 candidates=8 elapsed=175.366
    cross_grid_full_benchmark_test.go:146: compiled family=binomial rows=16 candidates=2 elapsed=183.659
    cross_grid_full_benchmark_test.go:197: progress family=binomial n=10000 completed=100/2191 seconds=99.189
    cross_grid_full_benchmark_test.go:197: progress family=binomial n=10000 completed=200/2191 seconds=206.292
    cross_grid_full_benchmark_test.go:197: progress family=binomial n=10000 completed=300/2191 seconds=302.385
    cross_grid_full_benchmark_test.go:197: progress family=binomial n=10000 completed=400/2191 seconds=397.195
    cross_grid_full_benchmark_test.go:197: progress family=binomial n=10000 completed=500/2191 seconds=501.293
    cross_grid_full_benchmark_test.go:197: progress family=binomial n=10000 completed=600/2191 seconds=595.225
    cross_grid_full_benchmark_test.go:197: progress family=binomial n=10000 completed=700/2191 seconds=686.824
    cross_grid_full_benchmark_test.go:197: progress family=binomial n=10000 completed=800/2191 seconds=781.886
    cross_grid_full_benchmark_test.go:197: progress family=binomial n=10000 completed=900/2191 seconds=886.817
    cross_grid_full_benchmark_test.go:197: progress family=binomial n=10000 completed=1000/2191 seconds=982.113
    cross_grid_full_benchmark_test.go:197: progress family=binomial n=10000 completed=1100/2191 seconds=1087.526
    cross_grid_full_benchmark_test.go:197: progress family=binomial n=10000 completed=1200/2191 seconds=1192.912
    cross_grid_full_benchmark_test.go:197: progress family=binomial n=10000 completed=1300/2191 seconds=1298.700
    cross_grid_full_benchmark_test.go:197: progress family=binomial n=10000 completed=1400/2191 seconds=1393.528
    cross_grid_full_benchmark_test.go:197: progress family=binomial n=10000 completed=1500/2191 seconds=1489.504
    cross_grid_full_benchmark_test.go:197: progress family=binomial n=10000 completed=1600/2191 seconds=1591.495
    cross_grid_full_benchmark_test.go:197: progress family=binomial n=10000 completed=1700/2191 seconds=1688.016
    cross_grid_full_benchmark_test.go:197: progress family=binomial n=10000 completed=1800/2191 seconds=1788.607
    cross_grid_full_benchmark_test.go:197: progress family=binomial n=10000 completed=1900/2191 seconds=1899.606
    cross_grid_full_benchmark_test.go:197: progress family=binomial n=10000 completed=2000/2191 seconds=2011.025
    cross_grid_full_benchmark_test.go:197: progress family=binomial n=10000 completed=2100/2191 seconds=2100.530
    cross_grid_full_benchmark_test.go:210: KERNEL_MEASUREMENT family=binomial n=10000 p=10 grid=50 batches=2191 and=2144565601 wire_bytes=85537704131 seconds=2182.623
    cross_grid_full_benchmark_test.go:214: FULL_MEASUREMENT {"authenticated_server_release":false,"batches":2191,"compile_seconds":183.659932695,"family":"binomial","grid":50,"integer_and_dp_oracle_equal":true,"joint_noise_seconds":429.417662933,"joint_noise_wire_bytes":978138708,"kernel_and":2144565601,"kernel_and_per_eval":4289.131202,"kernel_seconds":2182.623224753,"kernel_wire_bytes":85537704131,"n":10000,"p":10,"peer_pairs":4,"total_seconds":2795.701345507,"total_wire_bytes":86515842839}
=== RUN   TestCrossGridFullMeasurement/poisson
