DSLITE_ALIGNMENT_COMPLETE
DSLITE_CUSTODIAN_SIGNATURES_COMPLETE
DSLITE_PUBLIC_ADMISSION_COMPLETE
Tracing function ".dsvert_dp_synopsis_client_replay" in package
"namespace:dsVertClient"
Untracing function ".dsvert_dp_synopsis_client_replay" in package
"namespace:dsVertClient"
DSLITE_ORACLE_BITWISE_EQUAL
                       self.time self.pct total.time total.pct
"grepl"                    7.255    34.13      7.255     34.13
"gsub"                     3.990    18.77      4.520     21.27
sample.interval=5000       2.295    10.80      2.295     10.80
"digest::digest"           0.920     4.33      0.935      4.40
"file.info"                0.735     3.46      0.750      3.53
"file.exists"              0.560     2.63      0.560      2.63
"normalizePath"            0.440     2.07      0.440      2.07
"paste"                    0.375     1.76      0.935      4.40
"jsonlite::base64_dec"     0.345     1.62      1.725      8.12
"dir.exists"               0.345     1.62      0.345      1.62
"jsonlite::base64_enc"     0.320     1.51      0.320      1.51
"file"                     0.290     1.36      0.290      1.36
"read.dcf"                 0.250     1.18      0.285      1.34
"close.connection"         0.245     1.15      0.245      1.15
"Sys.info"                 0.195     0.92      0.195      0.92
                       self.time self.pct total.time total.pct
"gsub"                     3.910    18.13      7.560     35.05
"digest::digest"           2.220    10.29      2.305     10.69
"file.exists"              2.140     9.92      2.150      9.97
sample.interval=5000       1.340     6.21      1.340      6.21
"jsonlite::base64_enc"     0.785     3.64      0.785      3.64
"file.info"                0.760     3.52      0.775      3.59
"grepl"                    0.650     3.01      0.660      3.06
"read.dcf"                 0.595     2.76      0.660      3.06
"raw"                      0.520     2.41      0.520      2.41
"FUN"                      0.440     2.04      5.855     27.14
"normalizePath"            0.435     2.02      0.435      2.02
"file"                     0.415     1.92      0.425      1.97
"<Anonymous>"              0.345     1.60     20.230     93.79
"readRDS"                  0.335     1.55      0.635      2.94
"Sys.info"                 0.295     1.37      0.295      1.37
{"family":"binomial","n":32,"p":10,"grid":8,"owners":2,"epsilon":4,"instance":1,"elapsed":572.189,"oracle_only":false,"selected_candidate":4,"exact_best":8,"loss_gap":0.9404,"artifact_key":"cec2861880413fcc4e87d3c31dcef8136f22114d881ee3b9176d5c68068bc1a4","certificate_sha256":"cdf6dccdfebbb921f09862e1cd5c7bfe07193239ca02c4e8c96ea276855bec0b"} 
