=== RUN   TestExactGCCompareScalarMatchesArrayBranch
--- PASS: TestExactGCCompareScalarMatchesArrayBranch (0.13s)
=== RUN   TestExactGCCircuitsMatchBigIntReference
=== RUN   TestExactGCCircuitsMatchBigIntReference/Ring63/compare
=== RUN   TestExactGCCircuitsMatchBigIntReference/Ring63/truncate
=== RUN   TestExactGCCircuitsMatchBigIntReference/Ring63/count-guard
=== RUN   TestExactGCCircuitsMatchBigIntReference/Ring127/compare
=== RUN   TestExactGCCircuitsMatchBigIntReference/Ring127/truncate
=== RUN   TestExactGCCircuitsMatchBigIntReference/Ring127/count-guard
--- PASS: TestExactGCCircuitsMatchBigIntReference (0.03s)
    --- PASS: TestExactGCCircuitsMatchBigIntReference/Ring63/compare (0.00s)
    --- PASS: TestExactGCCircuitsMatchBigIntReference/Ring63/truncate (0.00s)
    --- PASS: TestExactGCCircuitsMatchBigIntReference/Ring63/count-guard (0.00s)
    --- PASS: TestExactGCCircuitsMatchBigIntReference/Ring127/compare (0.01s)
    --- PASS: TestExactGCCircuitsMatchBigIntReference/Ring127/truncate (0.01s)
    --- PASS: TestExactGCCircuitsMatchBigIntReference/Ring127/count-guard (0.00s)
=== RUN   TestExactGCProtocolEndToEnd
=== RUN   TestExactGCProtocolEndToEnd/Ring63_signed_comparison_vector
=== RUN   TestExactGCProtocolEndToEnd/Ring127_exact_floor_truncation
=== RUN   TestExactGCProtocolEndToEnd/Ring127_exact_count_guard
=== RUN   TestExactGCProtocolEndToEnd/Ring128_private_count_clamp
--- PASS: TestExactGCProtocolEndToEnd (0.10s)
    --- PASS: TestExactGCProtocolEndToEnd/Ring63_signed_comparison_vector (0.02s)
    --- PASS: TestExactGCProtocolEndToEnd/Ring127_exact_floor_truncation (0.03s)
    --- PASS: TestExactGCProtocolEndToEnd/Ring127_exact_count_guard (0.02s)
    --- PASS: TestExactGCProtocolEndToEnd/Ring128_private_count_clamp (0.03s)
PASS
ok  	github.com/isglobal-brge/dsVert/dsvert-mpc	0.673s
