R/beaverPolicyDS.R: OK
R/beaverShareUtilsDS.R: OK
R/beaverVecmulDS.R: OK
R/capsuleAllocatorRegistryIntegration.R: OK
R/capsuleRegistry.R: OK
R/clusterShareDS.R: OK
R/contingencyDS.R: OK
R/coxDS.R: OK
R/coxDiscreteShareDS.R: OK
R/disclosureGuardsDS.R: OK
R/disclosureSurfaceGuardsDS.R: OK
R/dpAlignedDatasetRegistry.R: OK
R/dpAnalysisContract.R: OK
R/dpCapsuleManifestDS.R: OK
R/dpCapsuleMaterializer.R: OK
R/dpCapsuleSourceTransportDS.R: OK
R/dpCapsuleWorkload.R: OK
R/dpCategoricalCrossDS.R: OK
R/dpCountAnalysisDS.R: OK
R/dpCountExecutionDS.R: OK
R/dpDatasetDescriptor.R: OK
R/dpDescribeDS.R: OK
R/dpFrequencyAnalysisDS.R: OK
R/dpFrequencyAuthorizationDS.R: OK
R/dpFrequencyClaimDS.R: OK
R/dpFrequencyExecutionDS.R: OK
R/dpFrequencySurfaceDS.R: OK
R/dpGLMGridCrossContract.R: OK
R/dpGLMGridCrossLifecycle.R: OK
R/dpGLMGridCrossMaterializer.R: OK
R/dpGLMGridCrossProfile.R: OK
R/dpGaussianCrossDS.R: OK
R/dpNoiseRoot.R: OK
R/dpPolicyDS.R: OK
R/dpSurvivalDS.R: OK
R/dpSynopsisAnalysisDS.R: OK
R/dpSynopsisArtifactDS.R: OK
R/dpSynopsisAuthorizationDS.R: OK
R/dpSynopsisClaimDS.R: OK
R/dpSynopsisCompilerDS.R: OK
R/dpSynopsisExecutionDS.R: OK
R/dpSynopsisLifecycleDS.R: OK
R/dpSynopsisReceiptDS.R: OK
R/dpSynopsisRemoteDS.R: OK
R/dpSynopsisSourceTransportDS.R: OK
R/dpTranscriptPrivacy.R: OK
R/dsiRelay.R: OK
R/dsiTextFrame.R: OK
R/dsvertCleanupDS.R: OK
R/dsvertClusterDS.R: OK
R/dsvertImputeColumnDS.R: OK
R/dsvertLMMClusterBroadcastDS.R: OK
R/dsvertLMMExactDS.R: OK
R/dsvertLMMGLSTransformDS.R: OK
R/dsvertLMMGramDS.R: OK
R/dsvertPearsonR2ColDS.R: OK
R/dsvertTestHelpersDS.R: OK
R/exactGCAlignmentMaskDS.R: OK
R/exactGCCheckedMulDS.R: OK
R/exactGCChisqGuardDS.R: OK
R/exactGCTransportDS.R: OK
R/exactGCVecmulInputDS.R: OK
R/fileStore.R: OK
R/formalCoxCapsuleInternal.R: OK
R/formalCoxDiscretePublicResultDS.R: OK
R/formalCoxFreshSourceDS.R: OK
R/formalCoxPublicResultDS.R: OK
R/formalCoxRing128Materializer.R: OK
R/formalCoxRunPlan.R: OK
R/formalCoxServerSource.R: OK
R/formalCoxWorkerControlDS.R: OK
R/formalCoxWorkerProvision.R: OK
R/formalGLMPhase15InternalAdapter.R: OK
R/formalGLMPhase16ReleaseAdapter.R: OK
R/formalGLMPhase18DurableFinalizer.R: OK
R/formalGLMPhase18Materializer.R: OK
R/formalGLMPublicResultDS.R: OK
R/formalGLMRegisteredJobControlDS.R: OK
R/formalGLMRegisteredPhase18ServerSource.R: OK
R/formalGLMRegisteredPhase18SourceDS.R: OK
R/formalGLMSelectors.R: OK
R/geeSandwichDS.R: OK
R/getObsCountDS.R: OK
R/glmRing63DS.R: OK
R/glmStandardizeDS.R: OK
R/histogramDS.R: OK
R/jointDPBackendV2.R: OK
R/jointDPCapsuleStatusDS.R: OK
R/jointDPControlPlane.R: OK
R/jointDPConvolutionFallback.R: OK
R/jointDPDSIBridgeDS.R: OK
R/jointDPReleaseDomain.R: OK
R/jointDPVectorAllocatorDS.R: OK
R/jointDPVectorCapsuleDS.R: OK
R/jointDPVectorExactGCAdapter.R: OK
R/jointDPVectorReleaseLedger.R: OK
R/k2CmpDS.R: OK
R/k2InputSharingDS.R: OK
R/k2NewtonFisherDS.R: OK
R/k2WideSplineFullDS.R: OK
R/localMomentsDS.R: OK
R/mpcSession.R: OK
R/mpcUtils.R: OK
R/multinomJointDS.R: OK
R/nbFullRegShareDS.R: OK
R/nbProfileDS.R: OK
R/numericPolicyDS.R: OK
R/offsetDS.R: OK
R/oneHotDS.R: OK
R/ordinalJointScoreDS.R: OK
R/otBeaverDS.R: OK
R/psiPaddedProtocolDS.R: OK
R/psiPaddedRelayDS.R: OK
R/psiPaddedStateDS.R: OK
R/psiProtocol.R: OK
R/psiSourcePolicy.R: OK
R/residualShareDS.R: OK
R/ring127SplinelessDS.R: OK
R/securityProfileDS.R: OK
R/transportProbeDS.R: OK
R/typedBlobTransportDS.R: OK
R/weightsDS.R: OK
R/zzz.R: OK
../dsVertClient/R/capsule_method_inventory.R: OK
../dsVertClient/R/chunk_utils.R: OK
../dsVertClient/R/disclosureGuards.R: OK
../dsVertClient/R/dp_alignment_mask_transport.R: OK
../dsVertClient/R/dp_analysis_contract.R: OK
../dsVertClient/R/dp_capsule_manifest.R: OK
../dsVertClient/R/dp_capsule_source_transport.R: OK
../dsVertClient/R/dp_capsule_vector_layout.R: OK
../dsVertClient/R/dp_categorical_cross_transport.R: OK
../dsVertClient/R/dp_count_analysis.R: OK
../dsVertClient/R/dp_count_execution.R: OK
../dsVertClient/R/dp_cox_partial_grid.R: OK
../dsVertClient/R/dp_cross_shared_exact_transport.R: OK
../dsVertClient/R/dp_frequency_analysis.R: OK
../dsVertClient/R/dp_frequency_execution.R: OK
../dsVertClient/R/dp_gaussian_certificate.R: OK
../dsVertClient/R/dp_gaussian_cross_transport.R: OK
../dsVertClient/R/dp_gee_ar1_grid.R: OK
../dsVertClient/R/dp_gee_glm_robust_grid.R: OK
../dsVertClient/R/dp_glm_grid.R: OK
../dsVertClient/R/dp_glm_grid_cross_contract.R: OK
../dsVertClient/R/dp_glm_grid_cross_materializer.R: OK
../dsVertClient/R/dp_glm_grid_cross_profile.R: OK
../dsVertClient/R/dp_glm_grid_cross_release.R: OK
../dsVertClient/R/dp_glm_grid_cross_schema.R: OK
../dsVertClient/R/dp_glmm_grid.R: OK
../dsVertClient/R/dp_lasso_glm_grid.R: OK
../dsVertClient/R/dp_lmm_random_slope_grid.R: OK
../dsVertClient/R/dp_multinom_grid.R: OK
../dsVertClient/R/dp_nb_grid.R: OK
../dsVertClient/R/dp_ordinal_grid.R: OK
../dsVertClient/R/dp_poisson_glmm_grid.R: OK
../dsVertClient/R/dp_synopsis_cross_categorical.R: OK
../dsVertClient/R/dp_synopsis_lifecycle.R: OK
../dsVertClient/R/dp_synopsis_public_vector.R: OK
../dsVertClient/R/dp_synopsis_vector_runner.R: OK
../dsVertClient/R/ds.identity.R: OK
../dsVertClient/R/ds.psiAlign.R: OK
../dsVertClient/R/ds.vert.aliases.R: OK
../dsVertClient/R/ds.vert.quality.R: OK
../dsVertClient/R/ds.vertChisq.R: OK
../dsVertClient/R/ds.vertChisqCross.R: OK
../dsVertClient/R/ds.vertCor.R: OK
../dsVertClient/R/ds.vertCox.R: OK
../dsVertClient/R/ds.vertCoxDiscreteNonDisclosive.R: OK
../dsVertClient/R/ds.vertDP.R: OK
../dsVertClient/R/ds.vertDPCapsulePlan.R: OK
../dsVertClient/R/ds.vertDPCausalStandardization.R: OK
../dsVertClient/R/ds.vertDPDescribe.R: OK
../dsVertClient/R/ds.vertDPDiagnosticCurve.R: OK
../dsVertClient/R/ds.vertDPDiagnosticInference.R: OK
../dsVertClient/R/ds.vertDPEpi.R: OK
../dsVertClient/R/ds.vertDPEpiInference.R: OK
../dsVertClient/R/ds.vertDPFrequency.R: OK
../dsVertClient/R/ds.vertDPGaussian.R: OK
../dsVertClient/R/ds.vertDPLMM.R: OK
../dsVertClient/R/ds.vertDPLogRank.R: OK
../dsVertClient/R/ds.vertDPPrevalenceRatio.R: OK
../dsVertClient/R/ds.vertDPQuantile.R: OK
../dsVertClient/R/ds.vertDPStandardizationInference.R: OK
../dsVertClient/R/ds.vertDPSurvival.R: OK
../dsVertClient/R/ds.vertDPSurvivalContrast.R: OK
../dsVertClient/R/ds.vertDPSurvivalQuantile.R: OK
../dsVertClient/R/ds.vertDesc.R: OK
../dsVertClient/R/ds.vertEpi2x2.R: OK
../dsVertClient/R/ds.vertGEE.R: OK
../dsVertClient/R/ds.vertGLM.R: OK
../dsVertClient/R/ds.vertGLM.k2.R: OK
../dsVertClient/R/ds.vertGLM.k3ring63.R: OK
../dsVertClient/R/ds.vertGLM.setup.R: OK
../dsVertClient/R/ds.vertGLM.weights.R: OK
../dsVertClient/R/ds.vertGLMM.R: OK
../dsVertClient/R/ds.vertIPW.R: OK
../dsVertClient/R/ds.vertInference.R: OK
../dsVertClient/R/ds.vertLASSO.R: OK
../dsVertClient/R/ds.vertLASSOCV.R: OK
../dsVertClient/R/ds.vertLASSOCapsule.R: OK
../dsVertClient/R/ds.vertLASSOIterative.R: OK
../dsVertClient/R/ds.vertLASSOProximal.R: OK
../dsVertClient/R/ds.vertLMM.R: OK
../dsVertClient/R/ds.vertLMM.closed_form.R: OK
../dsVertClient/R/ds.vertLMM.k3.R: OK
../dsVertClient/R/ds.vertMI.R: OK
../dsVertClient/R/ds.vertMantelHaenszel.R: OK
../dsVertClient/R/ds.vertMethodStatus.R: OK
../dsVertClient/R/ds.vertMultinom.R: OK
../dsVertClient/R/ds.vertMultinomJoint.R: OK
../dsVertClient/R/ds.vertMultinomJointNewton.R: OK
../dsVertClient/R/ds.vertNB.R: OK
../dsVertClient/R/ds.vertNBFullRegTheta.R: OK
../dsVertClient/R/ds.vertNBFullRegThetaShare.R: OK
../dsVertClient/R/ds.vertNBMoMTheta.R: OK
../dsVertClient/R/ds.vertOrdinal.R: OK
../dsVertClient/R/ds.vertOrdinalJointNewton.R: OK
../dsVertClient/R/ds.vertPCA.R: OK
../dsVertClient/R/ds.vertSecurityStatus.R: OK
../dsVertClient/R/ds.vertStandardization.R: OK
../dsVertClient/R/dsi_fanout.R: OK
../dsVertClient/R/dsi_security.R: OK
../dsVertClient/R/dsi_site_map.R: OK
../dsVertClient/R/dsi_text_frame.R: OK
../dsVertClient/R/dsi_transport_probe.R: OK
../dsVertClient/R/exact_gc_transport.R: OK
../dsVertClient/R/fixed_iters.R: OK
../dsVertClient/R/formal_cox_discrete_frontdoor.R: OK
../dsVertClient/R/formal_cox_fresh_ingress.R: OK
../dsVertClient/R/formal_cox_fresh_source.R: OK
../dsVertClient/R/formal_cox_fresh_worker.R: OK
../dsVertClient/R/formal_cox_frontdoor.R: OK
../dsVertClient/R/formal_glm_compiler.R: OK
../dsVertClient/R/formal_glm_dp_result.R: OK
../dsVertClient/R/formal_glm_frontdoor.R: OK
../dsVertClient/R/formal_glm_joint_inference.R: OK
../dsVertClient/R/formal_glm_oracle.R: OK
../dsVertClient/R/formal_glm_rational.R: OK
../dsVertClient/R/formal_glm_registered_fresh_ingress.R: OK
../dsVertClient/R/formal_glm_registered_job_control.R: OK
../dsVertClient/R/formal_glm_registered_source.R: OK
../dsVertClient/R/formal_lattice_value.R: OK
../dsVertClient/R/formula_contract.R: OK
../dsVertClient/R/glm_share_link.R: OK
../dsVertClient/R/joint_dp_capsule_status.R: OK
../dsVertClient/R/joint_dp_dsi_bridge.R: OK
../dsVertClient/R/joint_dp_vector_allocator.R: OK
../dsVertClient/R/joint_dp_vector_capsule.R: OK
../dsVertClient/R/joint_dp_vector_exact_gc_adapter.R: OK
../dsVertClient/R/lmm_dp_moments.R: OK
../dsVertClient/R/lmm_random_intercept_gls.R: OK
../dsVertClient/R/numeric_contract.R: OK
../dsVertClient/R/opal_method_reconciliation.R: OK
../dsVertClient/R/ot_beaver_helpers.R: OK
../dsVertClient/R/peer_identity_errors.R: OK
../dsVertClient/R/protocol_contract.R: OK
../dsVertClient/R/psi_padded_alignment.R: OK
../dsVertClient/R/psi_padded_relay.R: OK
../dsVertClient/R/quarantined_remote_routes.R: OK
../dsVertClient/R/ring127_helpers.R: OK
../dsVertClient/R/session_ids.R: OK
../dsVertClient/R/transport_setup.R: OK
../dsVertClient/R/typed_blob_transport.R: OK
../dsVertClient/R/vertical_federation.R: OK
../dsVertClient/R/zzz.R: OK
DESCRIPTION: OK
NAMESPACE: OK
../dsVertClient/DESCRIPTION: OK
../dsVertClient/NAMESPACE: OK
inst/bin/linux-amd64/dsvert-mpc: OK
inst/cross-grid-v2/validate_dslite.R: OK
inst/cross-grid-v2/prepare_oracle_noise.R: OK
inst/cross-grid-v2/validate_cold_lifecycle.R: OK
inst/cross-grid-v2/validate_dslite_sync.R: OK
R/beaverPolicyDS.R: OK
R/beaverShareUtilsDS.R: OK
R/beaverVecmulDS.R: OK
R/capsuleAllocatorRegistryIntegration.R: OK
R/capsuleRegistry.R: OK
R/clusterShareDS.R: OK
R/contingencyDS.R: OK
R/coxDS.R: OK
R/coxDiscreteShareDS.R: OK
R/disclosureGuardsDS.R: OK
R/disclosureSurfaceGuardsDS.R: OK
R/dpAlignedDatasetRegistry.R: OK
R/dpAnalysisContract.R: OK
R/dpCapsuleManifestDS.R: OK
R/dpCapsuleMaterializer.R: OK
R/dpCapsuleSourceTransportDS.R: OK
R/dpCapsuleWorkload.R: OK
R/dpCategoricalCrossDS.R: OK
R/dpCountAnalysisDS.R: OK
R/dpCountExecutionDS.R: OK
R/dpDatasetDescriptor.R: OK
R/dpDescribeDS.R: OK
R/dpFrequencyAnalysisDS.R: OK
R/dpFrequencyAuthorizationDS.R: OK
R/dpFrequencyClaimDS.R: OK
R/dpFrequencyExecutionDS.R: OK
R/dpFrequencySurfaceDS.R: OK
R/dpGLMGridCrossContract.R: OK
R/dpGLMGridCrossLifecycle.R: OK
R/dpGLMGridCrossMaterializer.R: OK
R/dpGLMGridCrossProfile.R: OK
R/dpGaussianCrossDS.R: OK
R/dpNoiseRoot.R: OK
R/dpPolicyDS.R: OK
R/dpSurvivalDS.R: OK
R/dpSynopsisAnalysisDS.R: OK
R/dpSynopsisArtifactDS.R: OK
R/dpSynopsisAuthorizationDS.R: OK
R/dpSynopsisClaimDS.R: OK
R/dpSynopsisCompilerDS.R: OK
R/dpSynopsisExecutionDS.R: OK
R/dpSynopsisLifecycleDS.R: OK
R/dpSynopsisReceiptDS.R: OK
R/dpSynopsisRemoteDS.R: OK
R/dpSynopsisSourceTransportDS.R: OK
R/dpTranscriptPrivacy.R: OK
R/dsiRelay.R: OK
R/dsiTextFrame.R: OK
R/dsvertCleanupDS.R: OK
R/dsvertClusterDS.R: OK
R/dsvertImputeColumnDS.R: OK
R/dsvertLMMClusterBroadcastDS.R: OK
R/dsvertLMMExactDS.R: OK
R/dsvertLMMGLSTransformDS.R: OK
R/dsvertLMMGramDS.R: OK
R/dsvertPearsonR2ColDS.R: OK
R/dsvertTestHelpersDS.R: OK
R/exactGCAlignmentMaskDS.R: OK
R/exactGCCheckedMulDS.R: OK
R/exactGCChisqGuardDS.R: OK
R/exactGCTransportDS.R: OK
R/exactGCVecmulInputDS.R: OK
R/fileStore.R: OK
R/formalCoxCapsuleInternal.R: OK
R/formalCoxDiscretePublicResultDS.R: OK
R/formalCoxFreshSourceDS.R: OK
R/formalCoxPublicResultDS.R: OK
R/formalCoxRing128Materializer.R: OK
R/formalCoxRunPlan.R: OK
R/formalCoxServerSource.R: OK
R/formalCoxWorkerControlDS.R: OK
R/formalCoxWorkerProvision.R: OK
R/formalGLMPhase15InternalAdapter.R: OK
R/formalGLMPhase16ReleaseAdapter.R: OK
R/formalGLMPhase18DurableFinalizer.R: OK
R/formalGLMPhase18Materializer.R: OK
R/formalGLMPublicResultDS.R: OK
R/formalGLMRegisteredJobControlDS.R: OK
R/formalGLMRegisteredPhase18ServerSource.R: OK
R/formalGLMRegisteredPhase18SourceDS.R: OK
R/formalGLMSelectors.R: OK
R/geeSandwichDS.R: OK
R/getObsCountDS.R: OK
R/glmRing63DS.R: OK
R/glmStandardizeDS.R: OK
R/histogramDS.R: OK
R/jointDPBackendV2.R: OK
R/jointDPCapsuleStatusDS.R: OK
R/jointDPControlPlane.R: OK
R/jointDPConvolutionFallback.R: OK
R/jointDPDSIBridgeDS.R: OK
R/jointDPReleaseDomain.R: OK
R/jointDPVectorAllocatorDS.R: OK
R/jointDPVectorCapsuleDS.R: OK
R/jointDPVectorExactGCAdapter.R: OK
R/jointDPVectorReleaseLedger.R: OK
R/k2CmpDS.R: OK
R/k2InputSharingDS.R: OK
R/k2NewtonFisherDS.R: OK
R/k2WideSplineFullDS.R: OK
R/localMomentsDS.R: OK
R/mpcSession.R: OK
R/mpcUtils.R: OK
R/multinomJointDS.R: OK
R/nbFullRegShareDS.R: OK
R/nbProfileDS.R: OK
R/numericPolicyDS.R: OK
R/offsetDS.R: OK
R/oneHotDS.R: OK
R/ordinalJointScoreDS.R: OK
R/otBeaverDS.R: OK
R/psiPaddedProtocolDS.R: OK
R/psiPaddedRelayDS.R: OK
R/psiPaddedStateDS.R: OK
R/psiProtocol.R: OK
R/psiSourcePolicy.R: OK
R/residualShareDS.R: OK
R/ring127SplinelessDS.R: OK
R/securityProfileDS.R: OK
R/transportProbeDS.R: OK
R/typedBlobTransportDS.R: OK
R/weightsDS.R: OK
R/zzz.R: OK
../dsVertClient/R/capsule_method_inventory.R: OK
../dsVertClient/R/chunk_utils.R: OK
../dsVertClient/R/disclosureGuards.R: OK
../dsVertClient/R/dp_alignment_mask_transport.R: OK
../dsVertClient/R/dp_analysis_contract.R: OK
../dsVertClient/R/dp_capsule_manifest.R: OK
../dsVertClient/R/dp_capsule_source_transport.R: OK
../dsVertClient/R/dp_capsule_vector_layout.R: OK
../dsVertClient/R/dp_categorical_cross_transport.R: OK
../dsVertClient/R/dp_count_analysis.R: OK
../dsVertClient/R/dp_count_execution.R: OK
../dsVertClient/R/dp_cox_partial_grid.R: OK
../dsVertClient/R/dp_cross_shared_exact_transport.R: OK
../dsVertClient/R/dp_frequency_analysis.R: OK
../dsVertClient/R/dp_frequency_execution.R: OK
../dsVertClient/R/dp_gaussian_certificate.R: OK
../dsVertClient/R/dp_gaussian_cross_transport.R: OK
../dsVertClient/R/dp_gee_ar1_grid.R: OK
../dsVertClient/R/dp_gee_glm_robust_grid.R: OK
../dsVertClient/R/dp_glm_grid.R: OK
../dsVertClient/R/dp_glm_grid_cross_contract.R: OK
../dsVertClient/R/dp_glm_grid_cross_materializer.R: OK
../dsVertClient/R/dp_glm_grid_cross_profile.R: OK
../dsVertClient/R/dp_glm_grid_cross_release.R: OK
../dsVertClient/R/dp_glm_grid_cross_schema.R: OK
../dsVertClient/R/dp_glmm_grid.R: OK
../dsVertClient/R/dp_lasso_glm_grid.R: OK
../dsVertClient/R/dp_lmm_random_slope_grid.R: OK
../dsVertClient/R/dp_multinom_grid.R: OK
../dsVertClient/R/dp_nb_grid.R: OK
../dsVertClient/R/dp_ordinal_grid.R: OK
../dsVertClient/R/dp_poisson_glmm_grid.R: OK
../dsVertClient/R/dp_synopsis_cross_categorical.R: OK
../dsVertClient/R/dp_synopsis_lifecycle.R: OK
../dsVertClient/R/dp_synopsis_public_vector.R: OK
../dsVertClient/R/dp_synopsis_vector_runner.R: OK
../dsVertClient/R/ds.identity.R: OK
../dsVertClient/R/ds.psiAlign.R: OK
../dsVertClient/R/ds.vert.aliases.R: OK
../dsVertClient/R/ds.vert.quality.R: OK
../dsVertClient/R/ds.vertChisq.R: OK
../dsVertClient/R/ds.vertChisqCross.R: OK
../dsVertClient/R/ds.vertCor.R: OK
../dsVertClient/R/ds.vertCox.R: OK
../dsVertClient/R/ds.vertCoxDiscreteNonDisclosive.R: OK
../dsVertClient/R/ds.vertDP.R: OK
../dsVertClient/R/ds.vertDPCapsulePlan.R: OK
../dsVertClient/R/ds.vertDPCausalStandardization.R: OK
../dsVertClient/R/ds.vertDPDescribe.R: OK
../dsVertClient/R/ds.vertDPDiagnosticCurve.R: OK
../dsVertClient/R/ds.vertDPDiagnosticInference.R: OK
../dsVertClient/R/ds.vertDPEpi.R: OK
../dsVertClient/R/ds.vertDPEpiInference.R: OK
../dsVertClient/R/ds.vertDPFrequency.R: OK
../dsVertClient/R/ds.vertDPGaussian.R: OK
../dsVertClient/R/ds.vertDPLMM.R: OK
../dsVertClient/R/ds.vertDPLogRank.R: OK
../dsVertClient/R/ds.vertDPPrevalenceRatio.R: OK
../dsVertClient/R/ds.vertDPQuantile.R: OK
../dsVertClient/R/ds.vertDPStandardizationInference.R: OK
../dsVertClient/R/ds.vertDPSurvival.R: OK
../dsVertClient/R/ds.vertDPSurvivalContrast.R: OK
../dsVertClient/R/ds.vertDPSurvivalQuantile.R: OK
../dsVertClient/R/ds.vertDesc.R: OK
../dsVertClient/R/ds.vertEpi2x2.R: OK
../dsVertClient/R/ds.vertGEE.R: OK
../dsVertClient/R/ds.vertGLM.R: OK
../dsVertClient/R/ds.vertGLM.k2.R: OK
../dsVertClient/R/ds.vertGLM.k3ring63.R: OK
../dsVertClient/R/ds.vertGLM.setup.R: OK
../dsVertClient/R/ds.vertGLM.weights.R: OK
../dsVertClient/R/ds.vertGLMM.R: OK
../dsVertClient/R/ds.vertIPW.R: OK
../dsVertClient/R/ds.vertInference.R: OK
../dsVertClient/R/ds.vertLASSO.R: OK
../dsVertClient/R/ds.vertLASSOCV.R: OK
../dsVertClient/R/ds.vertLASSOCapsule.R: OK
../dsVertClient/R/ds.vertLASSOIterative.R: OK
../dsVertClient/R/ds.vertLASSOProximal.R: OK
../dsVertClient/R/ds.vertLMM.R: OK
../dsVertClient/R/ds.vertLMM.closed_form.R: OK
../dsVertClient/R/ds.vertLMM.k3.R: OK
../dsVertClient/R/ds.vertMI.R: OK
../dsVertClient/R/ds.vertMantelHaenszel.R: OK
../dsVertClient/R/ds.vertMethodStatus.R: OK
../dsVertClient/R/ds.vertMultinom.R: OK
../dsVertClient/R/ds.vertMultinomJoint.R: OK
../dsVertClient/R/ds.vertMultinomJointNewton.R: OK
../dsVertClient/R/ds.vertNB.R: OK
../dsVertClient/R/ds.vertNBFullRegTheta.R: OK
../dsVertClient/R/ds.vertNBFullRegThetaShare.R: OK
../dsVertClient/R/ds.vertNBMoMTheta.R: OK
../dsVertClient/R/ds.vertOrdinal.R: OK
../dsVertClient/R/ds.vertOrdinalJointNewton.R: OK
../dsVertClient/R/ds.vertPCA.R: OK
../dsVertClient/R/ds.vertSecurityStatus.R: OK
../dsVertClient/R/ds.vertStandardization.R: OK
../dsVertClient/R/dsi_fanout.R: OK
../dsVertClient/R/dsi_security.R: OK
../dsVertClient/R/dsi_site_map.R: OK
../dsVertClient/R/dsi_text_frame.R: OK
../dsVertClient/R/dsi_transport_probe.R: OK
../dsVertClient/R/exact_gc_transport.R: OK
../dsVertClient/R/fixed_iters.R: OK
../dsVertClient/R/formal_cox_discrete_frontdoor.R: OK
../dsVertClient/R/formal_cox_fresh_ingress.R: OK
../dsVertClient/R/formal_cox_fresh_source.R: OK
../dsVertClient/R/formal_cox_fresh_worker.R: OK
../dsVertClient/R/formal_cox_frontdoor.R: OK
../dsVertClient/R/formal_glm_compiler.R: OK
../dsVertClient/R/formal_glm_dp_result.R: OK
../dsVertClient/R/formal_glm_frontdoor.R: OK
../dsVertClient/R/formal_glm_joint_inference.R: OK
../dsVertClient/R/formal_glm_oracle.R: OK
../dsVertClient/R/formal_glm_rational.R: OK
../dsVertClient/R/formal_glm_registered_fresh_ingress.R: OK
../dsVertClient/R/formal_glm_registered_job_control.R: OK
../dsVertClient/R/formal_glm_registered_source.R: OK
../dsVertClient/R/formal_lattice_value.R: OK
../dsVertClient/R/formula_contract.R: OK
../dsVertClient/R/glm_share_link.R: OK
../dsVertClient/R/joint_dp_capsule_status.R: OK
../dsVertClient/R/joint_dp_dsi_bridge.R: OK
../dsVertClient/R/joint_dp_vector_allocator.R: OK
../dsVertClient/R/joint_dp_vector_capsule.R: OK
../dsVertClient/R/joint_dp_vector_exact_gc_adapter.R: OK
../dsVertClient/R/lmm_dp_moments.R: OK
../dsVertClient/R/lmm_random_intercept_gls.R: OK
../dsVertClient/R/numeric_contract.R: OK
../dsVertClient/R/opal_method_reconciliation.R: OK
../dsVertClient/R/ot_beaver_helpers.R: OK
../dsVertClient/R/peer_identity_errors.R: OK
../dsVertClient/R/protocol_contract.R: OK
../dsVertClient/R/psi_padded_alignment.R: OK
../dsVertClient/R/psi_padded_relay.R: OK
../dsVertClient/R/quarantined_remote_routes.R: OK
../dsVertClient/R/ring127_helpers.R: OK
../dsVertClient/R/session_ids.R: OK
../dsVertClient/R/transport_setup.R: OK
../dsVertClient/R/typed_blob_transport.R: OK
../dsVertClient/R/vertical_federation.R: OK
../dsVertClient/R/zzz.R: OK
DESCRIPTION: OK
NAMESPACE: OK
../dsVertClient/DESCRIPTION: OK
../dsVertClient/NAMESPACE: OK
inst/bin/linux-amd64/dsvert-mpc: OK
inst/cross-grid-v2/validate_dslite.R: OK
inst/cross-grid-v2/prepare_oracle_noise.R: OK
inst/cross-grid-v2/validate_cold_lifecycle.R: OK
inst/cross-grid-v2/validate_dslite_sync.R: OK
