Warning in dir.create(pkgoutdir, mode = "0755") :
  '/workspace/dsvert/cox/checks-v2/dsVert.Rcheck' already exists
* using log directory ‘/workspace/dsvert/cox/checks-v2/dsVert.Rcheck’
* using R version 4.6.1 (2026-06-24)
* using platform: x86_64-pc-linux-gnu
* R was compiled by
    cc (Ubuntu 11.4.0-1ubuntu1~22.04.3) 11.4.0
    GNU Fortran (Ubuntu 11.4.0-1ubuntu1~22.04.3) 11.4.0
* running under: Ubuntu 22.04.5 LTS
* using session charset: UTF-8
* current time: 2026-09-18 14:54:14 UTC
* using options ‘--no-manual --no-build-vignettes’
* checking for file ‘dsVert/DESCRIPTION’ ... OK
* checking extension type ... Package
* this is package ‘dsVert’ version ‘1.2.0’
* package encoding: UTF-8
* checking package namespace information ... OK
* checking package dependencies ... OK
* checking if this is a source package ... OK
* checking if there is a namespace ... OK
* checking for .dll and .exe files ... OK
* checking for hidden files and directories ... OK
* checking for portable file names ... OK
* checking for sufficient/correct file permissions ... OK
* checking whether package ‘dsVert’ can be installed ... OK
* checking installed package size ... INFO
  installed size is 88.9Mb
  sub-directories of 1Mb or more:
    bin            66.6Mb
    cross-cox-v1    1.0Mb
    cross-grid-v1   1.0Mb
    docs            5.1Mb
    dsvert-mpc      1.9Mb
    help            1.5Mb
    R               6.8Mb
* checking package directory ... OK
* checking DESCRIPTION meta-information ... OK
* checking top-level files ... OK
* checking for left-over files ... OK
* checking index information ... OK
* checking package subdirectories ... OK
* checking code files for non-ASCII characters ... OK
* checking R files for syntax errors ... OK
* checking whether the package can be loaded ... OK
* checking whether the package can be loaded with stated dependencies ... OK
* checking whether the package can be unloaded cleanly ... OK
* checking whether the namespace can be loaded with stated dependencies ... OK
* checking whether the namespace can be unloaded cleanly ... OK
* checking loading without being on the library search path ... OK
* checking whether startup messages can be suppressed ... OK
* checking dependencies in R code ... OK
* checking S3 generic/method consistency ... OK
* checking replacement functions ... OK
* checking foreign function calls ... OK
* checking R code for possible problems ... NOTE
.dsvert_dp_capsule_materialize_local: multiple local function
  definitions for ‘normalize’ with different formal arguments
.dsvert_typed_blob_destination: no visible global function definition
  for ‘.dsvert_formal_finalizer_handoff_context_v1’
.dsvert_typed_blob_destination: no visible global function definition
  for ‘.dsvert_formal_glm_control_context_v1’
.dsvert_typed_blob_mint_descriptor: no visible global function
  definition for ‘.dsvert_formal_finalizer_handoff_outer_chars_v1’
.dsvert_typed_blob_mint_descriptor: no visible global function
  definition for ‘.dsvert_formal_glm_control_outer_chars_v1’
.dsvert_typed_blob_parse_ticket: no visible global function definition
  for ‘.dsvert_formal_finalizer_handoff_outer_chars_v1’
.dsvert_typed_blob_parse_ticket: no visible global function definition
  for ‘.dsvert_formal_glm_control_outer_chars_v1’
.mpcTypedBlobReceiptDS_impl: no visible global function definition for
  ‘.dsvert_formal_glm_control_mark_delivered_v1’
.mpcTypedBlobStoreDS_impl: no visible global function definition for
  ‘.dsvert_formal_glm_control_import_ingress_v1’
Undefined global functions or variables:
  .dsvert_formal_finalizer_handoff_context_v1
  .dsvert_formal_finalizer_handoff_outer_chars_v1
  .dsvert_formal_glm_control_context_v1
  .dsvert_formal_glm_control_import_ingress_v1
  .dsvert_formal_glm_control_mark_delivered_v1
  .dsvert_formal_glm_control_outer_chars_v1
* checking Rd files ... OK
* checking Rd metadata ... OK
* checking Rd cross-references ... OK
* checking for missing documentation entries ... WARNING
Undocumented code objects:
  ‘dsvertDPSynopsisGaussianCrossBindDS’
  ‘dsvertDPSynopsisGaussianCrossEvidenceDS’
  ‘dsvertDPSynopsisGaussianCrossFinalizeDS’
  ‘dsvertFormalCoxDiscretePublicResultDS’
  ‘dsvertFormalCoxPublicResultDS’ ‘dsvertFormalGLMPublicResultDS’
All user-level objects in a package should have documentation entries.
See chapter ‘Writing R documentation files’ in the ‘Writing R
Extensions’ manual.
* checking for code/documentation mismatches ... WARNING
Codoc mismatches from Rd file 'dsvertPSISourceDescriptor.Rd':
dsvertPSISourceDescriptor
  Code: function(data, id_col, id, version, purpose =
                 "patient-record-alignment-v1", privacy_unit_id =
                 id_col)
  Docs: function(data, id_col, id, version, purpose =
                 "patient-record-alignment-v1")
  Argument names in code not in docs:
    privacy_unit_id

* checking Rd \usage sections ... OK
* checking Rd contents ... OK
* checking for unstated dependencies in examples ... OK
* checking line endings in shell scripts ... OK
* checking examples ... OK
* checking for unstated dependencies in ‘tests’ ... OK
* checking tests ...
  Running ‘testthat.R’
 ERROR
Running the tests in ‘tests/testthat.R’ failed.
Last 13 lines of output:
  ── Error ('test-typed-blob-transport.R:114:3'): optional formal routing does not block Synopsis tickets ──
  Error in `FUN(X[[i]], ...)`: object '.DSVERT_FORMAL_FINALIZER_HANDOFF_CAPABILITY' not found
  Backtrace:
      ▆
   1. ├─testthat::expect_identical(...) at test-typed-blob-transport.R:114:3
   2. │ └─testthat::quasi_label(enquo(object), label)
   3. │   └─rlang::eval_bare(expr, quo_get_env(quo))
   4. ├─base::unname(vapply(names(expected), get, character(1L), inherits = TRUE))
   5. └─base::vapply(names(expected), get, character(1L), inherits = TRUE)
   6.   └─base (local) FUN(X[[i]], ...)
  
  [ FAIL 17 | WARN 0 | SKIP 30 | PASS 13279 ]
  Error:
  ! Test failures.
  Execution halted
* DONE

Status: 1 ERROR, 2 WARNINGs, 1 NOTE
See
  ‘/workspace/dsvert/cox/checks-v2/dsVert.Rcheck/00check.log’
for details.

