dp-synopsis-start: .............................................................................1.............
exact-gc-transport: .....................S.S......................................................................................................................................................................................................................................................................................2........
psi-padded-e2e: ..................3............SS...............................S

══ Skipped ═════════════════════════════════════════════════════════════════════
1. exact multiplication planner covers its full dynamic domain ('test-exact-gc-transport.R:523:3') - Reason: On CRAN

2. dynamic exact truncation and count guard complete over opaque spools ('test-exact-gc-transport.R:590:3') - Reason: On CRAN

3. the live padded-PSI attestation hook alone provisions DP state ('test-psi-padded-e2e.R:551:3') - Reason: On CRAN

4. authenticated padded PSI provisions a durable stable DP registry ('test-psi-padded-e2e.R:644:3') - Reason: On CRAN

5. purpose-bound padded PSI AND completes through exact GC/OT ('test-psi-padded-e2e.R:923:3') - Reason: On CRAN

══ Failed ══════════════════════════════════════════════════════════════════════
── 1. Error ('test-dp-synopsis-start.R:308:3'): manifest-certified Gaussian STAR
Error in `.dsvert_test_source_roots()`: could not find function ".dsvert_test_source_roots"
Backtrace:
     ▆
  1. └─dsVert (local) .synopsis_start_convolution_fixture(2L, gaussian = TRUE) at test-dp-synopsis-start.R:308:3
  2.   └─base::lapply(peers, input$mint, planner = planner) at test-dp-synopsis-start.R:60:5
  3.     └─dsVert (local) FUN(X[[i]], ...)
  4.       └─dsVert:::.dsvert_dp_synopsis_local_compile_v1(...) at test-dp-synopsis-start.R:53:5
  5.         └─dsVert:::.dsvert_dp_synopsis_artifact_v1(...)
  6.           └─dsVert:::.dsvert_dp_synopsis_physical_plan_v1(...)
  7.             └─dsVert:::.dsvert_joint_dp_vector_call_planner(...)
  8.               └─dsVert (local) planner(input)
  9.                 └─dsVert (local) .vector_capsule_run("joint-dp-vector-gaussian-plan-v2", value)
 10.                   ├─base::system2(...)
 11.                   │ ├─base::paste(c(env, shQuote(command), args), collapse = " ")
 12.                   │ └─base::shQuote(command)
 13.                   │   └─base::grepl("'", string)
 14.                   │     └─base::is.factor(x)
 15.                   └─dsVert (local) .vector_capsule_binary()
 16.                     └─base::file.path(.dsvert_test_source_roots(), "inst", "dsvert-mpc")

── 2. Error ('test-exact-gc-transport.R:3439:7'): checked vecmul contracts cover
Error: Exact-gc multiplication producer state is unavailable.
Backtrace:
    ▆
 1. └─dsVert (local) make_contracts(4096L) at test-exact-gc-transport.R:3444:3
 2.   └─base::lapply(...) at test-exact-gc-transport.R:3433:5
 3.     └─dsVert (local) FUN(X[[i]], ...)
 4.       └─dsVert:::.exact_gc_checked_mul_contract(...) at test-exact-gc-transport.R:3439:7
 5.         └─dsVert:::.exact_gc_checked_mul_stage_operation(input_stage)

── 3. Failure ('test-psi-padded-e2e.R:483:3'): fixed-capacity pinned PSI complet
Expected `all(...)` to be TRUE.
Differences:
`actual`:   FALSE
`expected`: TRUE 


══ DONE ════════════════════════════════════════════════════════════════════════
