Tracing function "stop" in package "base"
Tracing function ".dsvert_dp_glm_grid_cross_transcript_stop" in
package "namespace:dsVertClient"
Tracing function ".dsvert_dp_lmm_cross_public_evidence_set" in
package "namespace:dsVertClient"
Tracing function ".dsvert_dp_gaussian_synopsis_certificate_validate"
in package "namespace:dsVertClient"
DSLITE_BOOT_INITIAL_START
DSLITE_ISOLATED_PEER_LEASE {"ttl_seconds":900,"max_runtime_seconds":86400,"pid":2391478} 
DSLITE_ISOLATED_PEER_LEASE {"ttl_seconds":900,"max_runtime_seconds":86400,"pid":2391909} 
DSLITE_BOOT_INITIAL_COMPLETE
DSLITE_RPC_COMPLETE dsvertIdentityPkDS 
DSLITE_GEE-FIXED-RHO_GROUPING_OWNER_PINNED_GARBLER
DSLITE_BOOT_PINNED_START
DSLITE_ISOLATED_PEER_LEASE {"ttl_seconds":900,"max_runtime_seconds":86400,"pid":2392676} 
DSLITE_ISOLATED_PEER_LEASE {"ttl_seconds":900,"max_runtime_seconds":86400,"pid":2393105} 
DSLITE_BOOT_PINNED_COMPLETE
DSLITE_ALIGNMENT_START
DSLITE_RPC_COMPLETE dsvertTransportProbeDS 
DSLITE_RPC_COMPLETE psiPaddedInitDS 
DSLITE_RPC_COMPLETE psiPaddedBindDS 
DSLITE_RPC_COMPLETE psiPaddedConfirmDS 
DSLITE_RPC_COMPLETE psiPaddedPrepareDS 
DSLITE_RPC_COMPLETE psiPaddedReferenceExportDS 
DSLITE_RPC_COMPLETE psiPaddedTargetProcessDS 
DSLITE_RPC_COMPLETE psiPaddedReferenceDoubleDS 
DSLITE_RPC_COMPLETE psiPaddedTargetMatchDS 
DSLITE_RPC_COMPLETE psiPaddedMembershipAcceptDS 
DSLITE_RPC_COMPLETE psiPaddedANDStartDS 
DSLITE_RPC_COMPLETE exactGCExchangeDS 
DSLITE_RPC_COMPLETE psiPaddedANDFinalizeDS 
DSLITE_RPC_COMPLETE psiPaddedANDAcceptDS 
DSLITE_RPC_COMPLETE psiPaddedFinalPrepareDS 
DSLITE_RPC_COMPLETE psiPaddedAttestationDS 
DSLITE_ALIGNMENT_COMPLETE
DSLITE_RPC_COMPLETE dsvertDPSynopsisBootstrapDS 
DSLITE_RPC_COMPLETE dsvertDPSynopsisBindDS 
DSLITE_INITIAL_BOOTSTRAP_COMPLETE
DSLITE_STRUCTURED_SPEC_COMPLETE
DSLITE_CUSTODIAN_SIGNATURES_COMPLETE
DSLITE_PUBLIC_ADMISSION_COMPLETE
SYNTHETIC_DSI_FETCH_ERROR dsvertDPSynopsisPublicationDS ! in callr subprocess.
Caused by error: 
! [dsvert_phase_not_ready:v1] 
SYNTHETIC_DSI_FETCH_ERROR dsvertDPSynopsisPublicationDS ! in callr subprocess.
Caused by error: 
! [dsvert_phase_not_ready:v1] 
DSLITE_RPC_COMPLETE dsvertDPSynopsisClaimDS 
DSLITE_RPC_COMPLETE dsvertDPSynopsisCompileDS 
DSLITE_RPC_COMPLETE dsvertDPSynopsisPrepareDS 
DSLITE_RPC_COMPLETE exactGCTransportInitDS 
DSLITE_RPC_COMPLETE exactGCBindPeersDS 
DSLITE_RPC_COMPLETE dsvertDPSynopsisSourceTicketDS 
DSLITE_RPC_COMPLETE dsvertDPSynopsisSourcePrepareDS 
DSLITE_RPC_COMPLETE dsvertDPSynopsisSourceChunkDS 
DSLITE_RPC_COMPLETE dsvertDPSynopsisSourceAcceptDS 
DSLITE_RPC_COMPLETE dsvertDPSynopsisAlignmentMaskStartDS 
DSLITE_RPC_COMPLETE dsvertDPSynopsisAlignmentMaskStoreDS 
DSLITE_RPC_COMPLETE dsvertDPSynopsisAlignmentMaskSealDS 
DSLITE_RPC_COMPLETE dsvertDPSynopsisAlignmentMaskReceiveDS 
DSLITE_RPC_COMPLETE dsvertDPSynopsisGLMGridCrossDS 
DSLITE_RPC_COMPLETE exactGCCleanupDS 
DSLITE_RPC_COMPLETE dsvertDPSynopsisStartDS 
SYNTHETIC_DSI_FETCH_ERROR exactGCExchangeDS ! in callr subprocess.
Caused by error: 
! Exact MPC exchange failed. 
DSLITE_RPC_COMPLETE exactGCAbortDS 
$peer
[1] "site_b"

$function_name
[1] "exactGCAbortDS"

[[1]]
[[1]]$peer
[1] "site_a"

[[1]]$function_name
[1] "dsvertDPSynopsisPublicationDS"

[[1]]$message
[1] "! in callr subprocess.\nCaused by error: \n! [dsvert_phase_not_ready:v1]"


[[2]]
[[2]]$peer
[1] "site_b"

[[2]]$function_name
[1] "dsvertDPSynopsisPublicationDS"

[[2]]$message
[1] "! in callr subprocess.\nCaused by error: \n! [dsvert_phase_not_ready:v1]"


[[3]]
[[3]]$peer
[1] "site_a"

[[3]]$function_name
[1] "exactGCExchangeDS"

[[3]]$message
[1] "! in callr subprocess.\nCaused by error: \n! Exact MPC exchange failed."


$client_failure_history
$client_failure_history[[1]]
$client_failure_history[[1]]$message
[1] "DataSHIELD exchange returned a server contract failure during 'exact MPC byte exchange'; it was not retried."

$client_failure_history[[1]]$functions
 [1] "source"                             "withVisible"                       
 [3] "eval"                               "eval"                              
 [5] "run"                                "system.time"                       
 [7] "tryCatch"                           "tryCatchList"                      
 [9] "tryCatchOne"                        "doTryCatch"                        
[11] "invoke"                             "<call>"                            
[13] ".dsvert_dp_grouped_grid_cross_impl" "tryCatch"                          
[15] "tryCatchList"                       "tryCatchOne"                       
[17] "<call>"                             ".doTrace"                          
[19] "eval.parent"                        "eval"                              
[21] "eval"                              



$client_stop_history
$client_stop_history[[1]]
 [1] "source"                                   
 [2] "withVisible"                              
 [3] "eval"                                     
 [4] "eval"                                     
 [5] "run"                                      
 [6] "system.time"                              
 [7] "tryCatch"                                 
 [8] "tryCatchList"                             
 [9] "tryCatchOne"                              
[10] "doTryCatch"                               
[11] "invoke"                                   
[12] "<call>"                                   
[13] ".dsvert_dp_grouped_grid_cross_impl"       
[14] "tryCatch"                                 
[15] "tryCatchList"                             
[16] "tryCatchOne"                              
[17] "doTryCatch"                               
[18] ".dsvert_dp_grouped_grid_cross_release"    
[19] ".dsvert_dp_synopsis_vector_run"           
[20] ".dsvert_dp_synopsis_publication_resume_v1"
[21] ".dsvert_vector_try_phase"                 
[22] "tryCatch"                                 
[23] "tryCatchList"                             
[24] "tryCatchOne"                              
[25] "doTryCatch"                               
[26] "force"                                    
[27] ".dsvert_fanout_by_site"                   
[28] ".dsvert_aggregate_strict"                 
[29] ".dsvert_retry_idempotent"                 
[30] "attempt"                                  
[31] "tryCatch"                                 
[32] "tryCatchList"                             
[33] "tryCatchOne"                              
[34] "doTryCatch"                               
[35] "tryCatchList"                             
[36] "tryCatchOne"                              
[37] "doTryCatch"                               
[38] ".dsvert_transport_aggregate"              
[39] ".dsvert_dsi_direct_aggregate"             
[40] "tryCatch"                                 
[41] "tryCatchList"                             
[42] "tryCatchOne"                              
[43] "doTryCatch"                               
[44] "tryCatchList"                             
[45] "tryCatchOne"                              
[46] "doTryCatch"                               
[47] "<call>"                                   
[48] "<call>"                                   
[49] "tryCatch"                                 
[50] "tryCatchList"                             
[51] "tryCatchOne"                              
[52] "doTryCatch"                               
[53] "structured_fetch"                         
[54] "stop"                                     
[55] ".doTrace"                                 
[56] "eval.parent"                              
[57] "eval"                                     
[58] "eval"                                     

$client_stop_history[[2]]
 [1] "source"                                   
 [2] "withVisible"                              
 [3] "eval"                                     
 [4] "eval"                                     
 [5] "run"                                      
 [6] "system.time"                              
 [7] "tryCatch"                                 
 [8] "tryCatchList"                             
 [9] "tryCatchOne"                              
[10] "doTryCatch"                               
[11] "invoke"                                   
[12] "<call>"                                   
[13] ".dsvert_dp_grouped_grid_cross_impl"       
[14] "tryCatch"                                 
[15] "tryCatchList"                             
[16] "tryCatchOne"                              
[17] "doTryCatch"                               
[18] ".dsvert_dp_grouped_grid_cross_release"    
[19] ".dsvert_dp_synopsis_vector_run"           
[20] ".dsvert_dp_synopsis_publication_resume_v1"
[21] ".dsvert_vector_try_phase"                 
[22] "tryCatch"                                 
[23] "tryCatchList"                             
[24] "tryCatchOne"                              
[25] "doTryCatch"                               
[26] "force"                                    
[27] ".dsvert_fanout_by_site"                   
[28] ".dsvert_aggregate_strict"                 
[29] ".dsvert_retry_idempotent"                 
[30] "attempt"                                  
[31] "tryCatch"                                 
[32] "tryCatchList"                             
[33] "tryCatchOne"                              
[34] "doTryCatch"                               
[35] "tryCatchList"                             
[36] "tryCatchOne"                              
[37] "doTryCatch"                               
[38] ".dsvert_transport_aggregate"              
[39] ".dsvert_dsi_direct_aggregate"             
[40] "tryCatch"                                 
[41] "tryCatchList"                             
[42] "tryCatchOne"                              
[43] "doTryCatch"                               
[44] "tryCatchList"                             
[45] "tryCatchOne"                              
[46] "doTryCatch"                               
[47] "<call>"                                   
[48] "<call>"                                   
[49] "tryCatch"                                 
[50] "tryCatchList"                             
[51] "tryCatchOne"                              
[52] "<call>"                                   
[53] "stop"                                     
[54] ".doTrace"                                 
[55] "eval.parent"                              
[56] "eval"                                     
[57] "eval"                                     

$client_stop_history[[3]]
 [1] "source"                                   
 [2] "withVisible"                              
 [3] "eval"                                     
 [4] "eval"                                     
 [5] "run"                                      
 [6] "system.time"                              
 [7] "tryCatch"                                 
 [8] "tryCatchList"                             
 [9] "tryCatchOne"                              
[10] "doTryCatch"                               
[11] "invoke"                                   
[12] "<call>"                                   
[13] ".dsvert_dp_grouped_grid_cross_impl"       
[14] "tryCatch"                                 
[15] "tryCatchList"                             
[16] "tryCatchOne"                              
[17] "doTryCatch"                               
[18] ".dsvert_dp_grouped_grid_cross_release"    
[19] ".dsvert_dp_synopsis_vector_run"           
[20] ".dsvert_dp_synopsis_publication_resume_v1"
[21] ".dsvert_vector_try_phase"                 
[22] "tryCatch"                                 
[23] "tryCatchList"                             
[24] "tryCatchOne"                              
[25] "doTryCatch"                               
[26] "force"                                    
[27] ".dsvert_fanout_by_site"                   
[28] ".dsvert_aggregate_strict"                 
[29] ".dsvert_retry_idempotent"                 
[30] "attempt"                                  
[31] "tryCatch"                                 
[32] "tryCatchList"                             
[33] "tryCatchOne"                              
[34] "doTryCatch"                               
[35] "tryCatchList"                             
[36] "tryCatchOne"                              
[37] "doTryCatch"                               
[38] ".dsvert_transport_aggregate"              
[39] ".dsvert_dsi_direct_aggregate"             
[40] "tryCatch"                                 
[41] "tryCatchList"                             
[42] "tryCatchOne"                              
[43] "doTryCatch"                               
[44] "tryCatchList"                             
[45] "tryCatchOne"                              
[46] "doTryCatch"                               
[47] "<call>"                                   
[48] "<call>"                                   
[49] "tryCatch"                                 
[50] "tryCatchList"                             
[51] "tryCatchOne"                              
[52] "doTryCatch"                               
[53] "structured_fetch"                         
[54] "stop"                                     
[55] ".doTrace"                                 
[56] "eval.parent"                              
[57] "eval"                                     
[58] "eval"                                     

$client_stop_history[[4]]
 [1] "source"                                   
 [2] "withVisible"                              
 [3] "eval"                                     
 [4] "eval"                                     
 [5] "run"                                      
 [6] "system.time"                              
 [7] "tryCatch"                                 
 [8] "tryCatchList"                             
 [9] "tryCatchOne"                              
[10] "doTryCatch"                               
[11] "invoke"                                   
[12] "<call>"                                   
[13] ".dsvert_dp_grouped_grid_cross_impl"       
[14] "tryCatch"                                 
[15] "tryCatchList"                             
[16] "tryCatchOne"                              
[17] "doTryCatch"                               
[18] ".dsvert_dp_grouped_grid_cross_release"    
[19] ".dsvert_dp_synopsis_vector_run"           
[20] ".dsvert_dp_synopsis_publication_resume_v1"
[21] ".dsvert_vector_try_phase"                 
[22] "tryCatch"                                 
[23] "tryCatchList"                             
[24] "tryCatchOne"                              
[25] "doTryCatch"                               
[26] "force"                                    
[27] ".dsvert_fanout_by_site"                   
[28] ".dsvert_aggregate_strict"                 
[29] ".dsvert_retry_idempotent"                 
[30] "attempt"                                  
[31] "tryCatch"                                 
[32] "tryCatchList"                             
[33] "tryCatchOne"                              
[34] "doTryCatch"                               
[35] "tryCatchList"                             
[36] "tryCatchOne"                              
[37] "doTryCatch"                               
[38] ".dsvert_transport_aggregate"              
[39] ".dsvert_dsi_direct_aggregate"             
[40] "tryCatch"                                 
[41] "tryCatchList"                             
[42] "tryCatchOne"                              
[43] "doTryCatch"                               
[44] "tryCatchList"                             
[45] "tryCatchOne"                              
[46] "doTryCatch"                               
[47] "<call>"                                   
[48] "<call>"                                   
[49] "tryCatch"                                 
[50] "tryCatchList"                             
[51] "tryCatchOne"                              
[52] "<call>"                                   
[53] "stop"                                     
[54] ".doTrace"                                 
[55] "eval.parent"                              
[56] "eval"                                     
[57] "eval"                                     

$client_stop_history[[5]]
 [1] "source"                                   
 [2] "withVisible"                              
 [3] "eval"                                     
 [4] "eval"                                     
 [5] "run"                                      
 [6] "system.time"                              
 [7] "tryCatch"                                 
 [8] "tryCatchList"                             
 [9] "tryCatchOne"                              
[10] "doTryCatch"                               
[11] "invoke"                                   
[12] "<call>"                                   
[13] ".dsvert_dp_grouped_grid_cross_impl"       
[14] "tryCatch"                                 
[15] "tryCatchList"                             
[16] "tryCatchOne"                              
[17] "doTryCatch"                               
[18] ".dsvert_dp_grouped_grid_cross_release"    
[19] ".dsvert_dp_synopsis_vector_run"           
[20] ".dsvert_dp_synopsis_publication_resume_v1"
[21] ".dsvert_vector_try_phase"                 
[22] "tryCatch"                                 
[23] "tryCatchList"                             
[24] "tryCatchOne"                              
[25] "doTryCatch"                               
[26] "force"                                    
[27] ".dsvert_fanout_by_site"                   
[28] ".dsvert_aggregate_strict"                 
[29] "stop"                                     
[30] ".doTrace"                                 
[31] "eval.parent"                              
[32] "eval"                                     
[33] "eval"                                     

$client_stop_history[[6]]
 [1] "source"                               
 [2] "withVisible"                          
 [3] "eval"                                 
 [4] "eval"                                 
 [5] "run"                                  
 [6] "system.time"                          
 [7] "tryCatch"                             
 [8] "tryCatchList"                         
 [9] "tryCatchOne"                          
[10] "doTryCatch"                           
[11] "invoke"                               
[12] "<call>"                               
[13] ".dsvert_dp_grouped_grid_cross_impl"   
[14] "tryCatch"                             
[15] "tryCatchList"                         
[16] "tryCatchOne"                          
[17] "doTryCatch"                           
[18] ".dsvert_dp_grouped_grid_cross_release"
[19] ".dsvert_dp_synopsis_vector_run"       
[20] ".dsvert_exact_gc_run"                 
[21] ".dsvert_fanout_cycle"                 
[22] "tryCatch"                             
[23] "tryCatchList"                         
[24] "tryCatchOne"                          
[25] "doTryCatch"                           
[26] "tryCatchList"                         
[27] "tryCatchOne"                          
[28] "doTryCatch"                           
[29] ".dsvert_transport_aggregate"          
[30] ".dsvert_dsi_direct_aggregate"         
[31] "tryCatch"                             
[32] "tryCatchList"                         
[33] "tryCatchOne"                          
[34] "doTryCatch"                           
[35] "tryCatchList"                         
[36] "tryCatchOne"                          
[37] "doTryCatch"                           
[38] "<call>"                               
[39] "<call>"                               
[40] "tryCatch"                             
[41] "tryCatchList"                         
[42] "tryCatchOne"                          
[43] "doTryCatch"                           
[44] "structured_fetch"                     
[45] "stop"                                 
[46] ".doTrace"                             
[47] "eval.parent"                          
[48] "eval"                                 
[49] "eval"                                 

$client_stop_history[[7]]
 [1] "source"                               
 [2] "withVisible"                          
 [3] "eval"                                 
 [4] "eval"                                 
 [5] "run"                                  
 [6] "system.time"                          
 [7] "tryCatch"                             
 [8] "tryCatchList"                         
 [9] "tryCatchOne"                          
[10] "doTryCatch"                           
[11] "invoke"                               
[12] "<call>"                               
[13] ".dsvert_dp_grouped_grid_cross_impl"   
[14] "tryCatch"                             
[15] "tryCatchList"                         
[16] "tryCatchOne"                          
[17] "doTryCatch"                           
[18] ".dsvert_dp_grouped_grid_cross_release"
[19] ".dsvert_dp_synopsis_vector_run"       
[20] ".dsvert_exact_gc_run"                 
[21] ".dsvert_fanout_cycle"                 
[22] "tryCatch"                             
[23] "tryCatchList"                         
[24] "tryCatchOne"                          
[25] "doTryCatch"                           
[26] "tryCatchList"                         
[27] "tryCatchOne"                          
[28] "doTryCatch"                           
[29] ".dsvert_transport_aggregate"          
[30] ".dsvert_dsi_direct_aggregate"         
[31] "tryCatch"                             
[32] "tryCatchList"                         
[33] "tryCatchOne"                          
[34] "doTryCatch"                           
[35] "tryCatchList"                         
[36] "tryCatchOne"                          
[37] "doTryCatch"                           
[38] "<call>"                               
[39] "<call>"                               
[40] "tryCatch"                             
[41] "tryCatchList"                         
[42] "tryCatchOne"                          
[43] "<call>"                               
[44] "stop"                                 
[45] ".doTrace"                             
[46] "eval.parent"                          
[47] "eval"                                 
[48] "eval"                                 

$client_stop_history[[8]]
 [1] "source"                               
 [2] "withVisible"                          
 [3] "eval"                                 
 [4] "eval"                                 
 [5] "run"                                  
 [6] "system.time"                          
 [7] "tryCatch"                             
 [8] "tryCatchList"                         
 [9] "tryCatchOne"                          
[10] "doTryCatch"                           
[11] "invoke"                               
[12] "<call>"                               
[13] ".dsvert_dp_grouped_grid_cross_impl"   
[14] "tryCatch"                             
[15] "tryCatchList"                         
[16] "tryCatchOne"                          
[17] "doTryCatch"                           
[18] ".dsvert_dp_grouped_grid_cross_release"
[19] ".dsvert_dp_synopsis_vector_run"       
[20] ".dsvert_exact_gc_run"                 
[21] ".dsvert_fanout_cycle"                 
[22] "stop"                                 
[23] ".doTrace"                             
[24] "eval.parent"                          
[25] "eval"                                 
[26] "eval"                                 

$client_stop_history[[9]]
 [1] "source"                             "withVisible"                       
 [3] "eval"                               "eval"                              
 [5] "run"                                "system.time"                       
 [7] "tryCatch"                           "tryCatchList"                      
 [9] "tryCatchOne"                        "doTryCatch"                        
[11] "invoke"                             "<call>"                            
[13] ".dsvert_dp_grouped_grid_cross_impl" "tryCatch"                          
[15] "tryCatchList"                       "tryCatchOne"                       
[17] "<call>"                             "stop"                              
[19] ".doTrace"                           "eval.parent"                       
[21] "eval"                               "eval"                              


$failure
$failure$message
[1] "[dsvert_phase_not_ready:v1]"

$failure$call
[1] ""

$failure$functions
 [1] "<call>"                              
 [2] "tryCatchList"                        
 [3] "tryCatchOne"                         
 [4] "doTryCatch"                          
 [5] "tryCatchList"                        
 [6] "tryCatchOne"                         
 [7] "doTryCatch"                          
 [8] "<call>"                              
 [9] "<call>"                              
[10] "<call>"                              
[11] "<call>"                              
[12] "<call>"                              
[13] "<call>"                              
[14] "tryCatch"                            
[15] "tryCatchList"                        
[16] "eval"                                
[17] "eval"                                
[18] "<call>"                              
[19] ".dsvert_dp_synopsis_remote_public_v1"
[20] "tryCatch"                            
[21] "tryCatchList"                        
[22] "tryCatchOne"                         
[23] "<call>"                              
[24] ".doTrace"                            
[25] "eval.parent"                         
[26] "eval"                                
[27] "eval"                                


$history
$history[[1]]
$history[[1]]$message
[1] "[dsvert_phase_not_ready:v1]"

$history[[1]]$call
[1] ""

$history[[1]]$functions
 [1] "<call>"                              
 [2] "tryCatchList"                        
 [3] "tryCatchOne"                         
 [4] "doTryCatch"                          
 [5] "tryCatchList"                        
 [6] "tryCatchOne"                         
 [7] "doTryCatch"                          
 [8] "<call>"                              
 [9] "<call>"                              
[10] "<call>"                              
[11] "<call>"                              
[12] "<call>"                              
[13] "<call>"                              
[14] "tryCatch"                            
[15] "tryCatchList"                        
[16] "eval"                                
[17] "eval"                                
[18] "<call>"                              
[19] ".dsvert_dp_synopsis_remote_public_v1"
[20] "tryCatch"                            
[21] "tryCatchList"                        
[22] "tryCatchOne"                         
[23] "<call>"                              
[24] ".doTrace"                            
[25] "eval.parent"                         
[26] "eval"                                
[27] "eval"                                



$stop_history
$stop_history[[1]]
 [1] "<call>"                                
 [2] "tryCatchList"                          
 [3] "tryCatchOne"                           
 [4] "doTryCatch"                            
 [5] "tryCatchList"                          
 [6] "tryCatchOne"                           
 [7] "doTryCatch"                            
 [8] "<call>"                                
 [9] "<call>"                                
[10] "<call>"                                
[11] "<call>"                                
[12] "<call>"                                
[13] "<call>"                                
[14] "tryCatch"                              
[15] "tryCatchList"                          
[16] "eval"                                  
[17] "eval"                                  
[18] "<call>"                                
[19] ".dsvert_dp_synopsis_remote_public_v1"  
[20] "tryCatch"                              
[21] "tryCatchList"                          
[22] "tryCatchOne"                           
[23] "doTryCatch"                            
[24] "force"                                 
[25] ".dsvert_dp_synopsis_remote_encode_v1"  
[26] ".dsvert_dp_synopsis_bind_v1"           
[27] ".dsvert_dp_synopsis_manifest_build_v1" 
[28] ".dsvert_dp_capsule_workload_manifest"  
[29] ".dsvert_dp_capsule_mechanism_selection"
[30] "tryCatch"                              
[31] "tryCatchList"                          
[32] "tryCatchOne"                           
[33] "doTryCatch"                            
[34] "gaussian_planner"                      
[35] ".callMpcTool"                          
[36] "tryCatch"                              
[37] "tryCatchList"                          
[38] "tryCatchOne"                           
[39] "doTryCatch"                            
[40] "original"                              
[41] "stop"                                  
[42] ".doTrace"                              
[43] "eval.parent"                           
[44] "eval"                                  
[45] "eval"                                  

$stop_history[[2]]
 [1] "<call>"                                
 [2] "tryCatchList"                          
 [3] "tryCatchOne"                           
 [4] "doTryCatch"                            
 [5] "tryCatchList"                          
 [6] "tryCatchOne"                           
 [7] "doTryCatch"                            
 [8] "<call>"                                
 [9] "<call>"                                
[10] "<call>"                                
[11] "<call>"                                
[12] "<call>"                                
[13] "<call>"                                
[14] "tryCatch"                              
[15] "tryCatchList"                          
[16] "eval"                                  
[17] "eval"                                  
[18] "<call>"                                
[19] ".dsvert_dp_synopsis_remote_public_v1"  
[20] "tryCatch"                              
[21] "tryCatchList"                          
[22] "tryCatchOne"                           
[23] "doTryCatch"                            
[24] "force"                                 
[25] ".dsvert_dp_synopsis_remote_encode_v1"  
[26] ".dsvert_dp_synopsis_bind_v1"           
[27] ".dsvert_dp_synopsis_manifest_build_v1" 
[28] ".dsvert_dp_capsule_workload_manifest"  
[29] ".dsvert_dp_capsule_mechanism_selection"
[30] "tryCatch"                              
[31] "tryCatchList"                          
[32] "tryCatchOne"                           
[33] "doTryCatch"                            
[34] "gaussian_planner"                      
[35] ".callMpcTool"                          
[36] "tryCatch"                              
[37] "tryCatchList"                          
[38] "tryCatchOne"                           
[39] "<call>"                                
[40] "stop"                                  
[41] ".doTrace"                              
[42] "eval.parent"                           
[43] "eval"                                  
[44] "eval"                                  

$stop_history[[3]]
 [1] "<call>"                              
 [2] "tryCatchList"                        
 [3] "tryCatchOne"                         
 [4] "doTryCatch"                          
 [5] "tryCatchList"                        
 [6] "tryCatchOne"                         
 [7] "doTryCatch"                          
 [8] "<call>"                              
 [9] "<call>"                              
[10] "<call>"                              
[11] "<call>"                              
[12] "<call>"                              
[13] "<call>"                              
[14] "tryCatch"                            
[15] "tryCatchList"                        
[16] "eval"                                
[17] "eval"                                
[18] "<call>"                              
[19] ".dsvert_dp_synopsis_remote_public_v1"
[20] "tryCatch"                            
[21] "tryCatchList"                        
[22] "tryCatchOne"                         
[23] "doTryCatch"                          
[24] "force"                               
[25] ".dsvert_dp_synopsis_remote_encode_v1"
[26] ".dsvert_dp_synopsis_publication_v1"  
[27] "stop"                                
[28] ".doTrace"                            
[29] "eval.parent"                         
[30] "eval"                                
[31] "eval"                                

$stop_history[[4]]
 [1] "<call>"                              
 [2] "tryCatchList"                        
 [3] "tryCatchOne"                         
 [4] "doTryCatch"                          
 [5] "tryCatchList"                        
 [6] "tryCatchOne"                         
 [7] "doTryCatch"                          
 [8] "<call>"                              
 [9] "<call>"                              
[10] "<call>"                              
[11] "<call>"                              
[12] "<call>"                              
[13] "<call>"                              
[14] "tryCatch"                            
[15] "tryCatchList"                        
[16] "eval"                                
[17] "eval"                                
[18] "<call>"                              
[19] ".dsvert_dp_synopsis_remote_public_v1"
[20] "tryCatch"                            
[21] "tryCatchList"                        
[22] "tryCatchOne"                         
[23] "<call>"                              
[24] "stop"                                
[25] ".doTrace"                            
[26] "eval.parent"                         
[27] "eval"                                
[28] "eval"                                

$stop_history[[5]]
 [1] "<call>"                   "tryCatchList"            
 [3] "tryCatchOne"              "doTryCatch"              
 [5] "tryCatchList"             "tryCatchOne"             
 [7] "doTryCatch"               "<call>"                  
 [9] "<call>"                   "<call>"                  
[11] "<call>"                   "<call>"                  
[13] "<call>"                   "tryCatch"                
[15] "tryCatchList"             "eval"                    
[17] "eval"                     "<call>"                  
[19] "tryCatch"                 "tryCatchList"            
[21] "tryCatchOne"              "doTryCatch"              
[23] ".exact_gc_exchange_impl"  ".exact_gc_with_lock"     
[25] "force"                    ".exact_gc_expire_if_idle"
[27] "stop"                     ".doTrace"                
[29] "eval.parent"              "eval"                    
[31] "eval"                    

$stop_history[[6]]
 [1] "<call>"       "tryCatchList" "tryCatchOne"  "doTryCatch"   "tryCatchList"
 [6] "tryCatchOne"  "doTryCatch"   "<call>"       "<call>"       "<call>"      
[11] "<call>"       "<call>"       "<call>"       "tryCatch"     "tryCatchList"
[16] "eval"         "eval"         "<call>"       "tryCatch"     "tryCatchList"
[21] "tryCatchOne"  "<call>"       "stop"         ".doTrace"     "eval.parent" 
[26] "eval"         "eval"        


$native_errors
$native_errors[[1]]
$native_errors[[1]]$command
[1] "joint-dp-vector-gaussian-plan-v2"

$native_errors[[1]]$status
[1] 0

$native_errors[[1]]$stderr
[1] ""


$native_errors[[2]]
$native_errors[[2]]$command
[1] "joint-dp-vector-gaussian-plan-v2"

$native_errors[[2]]$message
[1] "dsvert-mpc error: joint-DP fixed-work discrete-Gaussian plan unavailable: fixed-work Gaussian table is outside the certified support"



$grouped_failure
NULL

$failure
$failure$message
[1] "[dsvert_phase_not_ready:v1]"

$failure$call
[1] ""

$failure$functions
 [1] "<call>"                              
 [2] "tryCatchList"                        
 [3] "tryCatchOne"                         
 [4] "doTryCatch"                          
 [5] "tryCatchList"                        
 [6] "tryCatchOne"                         
 [7] "doTryCatch"                          
 [8] "<call>"                              
 [9] "<call>"                              
[10] "<call>"                              
[11] "<call>"                              
[12] "<call>"                              
[13] "<call>"                              
[14] "tryCatch"                            
[15] "tryCatchList"                        
[16] "eval"                                
[17] "eval"                                
[18] "<call>"                              
[19] ".dsvert_dp_synopsis_remote_public_v1"
[20] "tryCatch"                            
[21] "tryCatchList"                        
[22] "tryCatchOne"                         
[23] "<call>"                              
[24] ".doTrace"                            
[25] "eval.parent"                         
[26] "eval"                                
[27] "eval"                                


$history
$history[[1]]
$history[[1]]$message
[1] "[dsvert_phase_not_ready:v1]"

$history[[1]]$call
[1] ""

$history[[1]]$functions
 [1] "<call>"                              
 [2] "tryCatchList"                        
 [3] "tryCatchOne"                         
 [4] "doTryCatch"                          
 [5] "tryCatchList"                        
 [6] "tryCatchOne"                         
 [7] "doTryCatch"                          
 [8] "<call>"                              
 [9] "<call>"                              
[10] "<call>"                              
[11] "<call>"                              
[12] "<call>"                              
[13] "<call>"                              
[14] "tryCatch"                            
[15] "tryCatchList"                        
[16] "eval"                                
[17] "eval"                                
[18] "<call>"                              
[19] ".dsvert_dp_synopsis_remote_public_v1"
[20] "tryCatch"                            
[21] "tryCatchList"                        
[22] "tryCatchOne"                         
[23] "<call>"                              
[24] ".doTrace"                            
[25] "eval.parent"                         
[26] "eval"                                
[27] "eval"                                



$stop_history
$stop_history[[1]]
 [1] "<call>"                                
 [2] "tryCatchList"                          
 [3] "tryCatchOne"                           
 [4] "doTryCatch"                            
 [5] "tryCatchList"                          
 [6] "tryCatchOne"                           
 [7] "doTryCatch"                            
 [8] "<call>"                                
 [9] "<call>"                                
[10] "<call>"                                
[11] "<call>"                                
[12] "<call>"                                
[13] "<call>"                                
[14] "tryCatch"                              
[15] "tryCatchList"                          
[16] "eval"                                  
[17] "eval"                                  
[18] "<call>"                                
[19] ".dsvert_dp_synopsis_remote_public_v1"  
[20] "tryCatch"                              
[21] "tryCatchList"                          
[22] "tryCatchOne"                           
[23] "doTryCatch"                            
[24] "force"                                 
[25] ".dsvert_dp_synopsis_remote_encode_v1"  
[26] ".dsvert_dp_synopsis_bind_v1"           
[27] ".dsvert_dp_synopsis_manifest_build_v1" 
[28] ".dsvert_dp_capsule_workload_manifest"  
[29] ".dsvert_dp_capsule_mechanism_selection"
[30] "tryCatch"                              
[31] "tryCatchList"                          
[32] "tryCatchOne"                           
[33] "doTryCatch"                            
[34] "gaussian_planner"                      
[35] ".callMpcTool"                          
[36] "tryCatch"                              
[37] "tryCatchList"                          
[38] "tryCatchOne"                           
[39] "doTryCatch"                            
[40] "original"                              
[41] "stop"                                  
[42] ".doTrace"                              
[43] "eval.parent"                           
[44] "eval"                                  
[45] "eval"                                  

$stop_history[[2]]
 [1] "<call>"                                
 [2] "tryCatchList"                          
 [3] "tryCatchOne"                           
 [4] "doTryCatch"                            
 [5] "tryCatchList"                          
 [6] "tryCatchOne"                           
 [7] "doTryCatch"                            
 [8] "<call>"                                
 [9] "<call>"                                
[10] "<call>"                                
[11] "<call>"                                
[12] "<call>"                                
[13] "<call>"                                
[14] "tryCatch"                              
[15] "tryCatchList"                          
[16] "eval"                                  
[17] "eval"                                  
[18] "<call>"                                
[19] ".dsvert_dp_synopsis_remote_public_v1"  
[20] "tryCatch"                              
[21] "tryCatchList"                          
[22] "tryCatchOne"                           
[23] "doTryCatch"                            
[24] "force"                                 
[25] ".dsvert_dp_synopsis_remote_encode_v1"  
[26] ".dsvert_dp_synopsis_bind_v1"           
[27] ".dsvert_dp_synopsis_manifest_build_v1" 
[28] ".dsvert_dp_capsule_workload_manifest"  
[29] ".dsvert_dp_capsule_mechanism_selection"
[30] "tryCatch"                              
[31] "tryCatchList"                          
[32] "tryCatchOne"                           
[33] "doTryCatch"                            
[34] "gaussian_planner"                      
[35] ".callMpcTool"                          
[36] "tryCatch"                              
[37] "tryCatchList"                          
[38] "tryCatchOne"                           
[39] "<call>"                                
[40] "stop"                                  
[41] ".doTrace"                              
[42] "eval.parent"                           
[43] "eval"                                  
[44] "eval"                                  

$stop_history[[3]]
 [1] "<call>"                              
 [2] "tryCatchList"                        
 [3] "tryCatchOne"                         
 [4] "doTryCatch"                          
 [5] "tryCatchList"                        
 [6] "tryCatchOne"                         
 [7] "doTryCatch"                          
 [8] "<call>"                              
 [9] "<call>"                              
[10] "<call>"                              
[11] "<call>"                              
[12] "<call>"                              
[13] "<call>"                              
[14] "tryCatch"                            
[15] "tryCatchList"                        
[16] "eval"                                
[17] "eval"                                
[18] "<call>"                              
[19] ".dsvert_dp_synopsis_remote_public_v1"
[20] "tryCatch"                            
[21] "tryCatchList"                        
[22] "tryCatchOne"                         
[23] "doTryCatch"                          
[24] "force"                               
[25] ".dsvert_dp_synopsis_remote_encode_v1"
[26] ".dsvert_dp_synopsis_publication_v1"  
[27] "stop"                                
[28] ".doTrace"                            
[29] "eval.parent"                         
[30] "eval"                                
[31] "eval"                                

$stop_history[[4]]
 [1] "<call>"                              
 [2] "tryCatchList"                        
 [3] "tryCatchOne"                         
 [4] "doTryCatch"                          
 [5] "tryCatchList"                        
 [6] "tryCatchOne"                         
 [7] "doTryCatch"                          
 [8] "<call>"                              
 [9] "<call>"                              
[10] "<call>"                              
[11] "<call>"                              
[12] "<call>"                              
[13] "<call>"                              
[14] "tryCatch"                            
[15] "tryCatchList"                        
[16] "eval"                                
[17] "eval"                                
[18] "<call>"                              
[19] ".dsvert_dp_synopsis_remote_public_v1"
[20] "tryCatch"                            
[21] "tryCatchList"                        
[22] "tryCatchOne"                         
[23] "<call>"                              
[24] "stop"                                
[25] ".doTrace"                            
[26] "eval.parent"                         
[27] "eval"                                
[28] "eval"                                


$native_errors
$native_errors[[1]]
$native_errors[[1]]$command
[1] "joint-dp-vector-gaussian-plan-v2"

$native_errors[[1]]$status
[1] 0

$native_errors[[1]]$stderr
[1] ""


$native_errors[[2]]
$native_errors[[2]]$command
[1] "joint-dp-vector-gaussian-plan-v2"

$native_errors[[2]]$message
[1] "dsvert-mpc error: joint-DP fixed-work discrete-Gaussian plan unavailable: fixed-work Gaussian table is outside the certified support"



$grouped_failure
NULL

Error: [dsvert_dp_public_failure:v1] Protected capsule operation failed.
Timing stopped at: 99.38 62.7 1161
Execution halted
