crossgrid-cox: ..........................................................................................................................................................................................................................................................................................................................................................................................................................................................................................................................................................................................................................................................................................................................................................................................................................................................................................................................................................................................................................................................................................................................................................................................................................................................................................................................................................................................................................................................................................................................................................................................................................................................................................................................................................................................................................

══ DONE ════════════════════════════════════════════════════════════════════════
crossgrid-lmm-schema-cache: ..........

══ DONE ════════════════════════════════════════════════════════════════════════
crossgrid-lmm-staged-lifecycle: .....................................

══ DONE ════════════════════════════════════════════════════════════════════════
crossgrid-glmm-staged-lifecycle: .........................................................

══ DONE ════════════════════════════════════════════════════════════════════════
crossgrid-poisson-glmm-staged-lifecycle: ...............................................................

══ DONE ════════════════════════════════════════════════════════════════════════
dp-synopsis-execution-safety: ..................

══ DONE ════════════════════════════════════════════════════════════════════════
dp-synopsis-exact-gc: ..............................................................................................................................................................1

══ Failed ══════════════════════════════════════════════════════════════════════
── 1. Error ('test-dp-synopsis-exact-gc.R:717:3'): exact-GC compilation binds th
Error: The exact-GC vector compiler returned a conflicting contract.
Backtrace:
    ▆
 1. └─dsVert (local) .synopsis_exact_operation(...) at test-dp-synopsis-exact-gc.R:717:3
 2.   └─dsVert:::.dsvert_dp_synopsis_execution_exact_gc_operation_v1(...) at test-dp-synopsis-exact-gc.R:91:3
 3.     └─dsVert:::.dsvert_joint_dp_vector_exact_gc_compile(...) at dsVert/R/dpSynopsisExecutionDS.R:1509:3

══ DONE ════════════════════════════════════════════════════════════════════════
Error: all(!frame$error) is not TRUE
Execution halted
