=== RUN   TestGroupedGEEPrivateFactorProtocol
=== RUN   TestGroupedGEEPrivateFactorProtocol/binomial/independence/rho-q16-0
    k2_exact_gc_gee_factor_protocol_test.go:89: factor_producer_bytes=9359152 seconds=2.206515
=== RUN   TestGroupedGEEPrivateFactorProtocol/binomial/exchangeable/rho-q16-0
    k2_exact_gc_gee_factor_protocol_test.go:89: factor_producer_bytes=9504687 seconds=2.617720
=== RUN   TestGroupedGEEPrivateFactorProtocol/binomial/exchangeable/rho-q16-16384
    k2_exact_gc_gee_factor_protocol_test.go:89: factor_producer_bytes=9631479 seconds=2.451141
=== RUN   TestGroupedGEEPrivateFactorProtocol/binomial/exchangeable/rho-q16-32768
    k2_exact_gc_gee_factor_protocol_test.go:89: factor_producer_bytes=9631477 seconds=2.639228
=== RUN   TestGroupedGEEPrivateFactorProtocol/binomial/ar1/rho-q16-0
    k2_exact_gc_gee_factor_protocol_test.go:89: factor_producer_bytes=9491864 seconds=2.631812
=== RUN   TestGroupedGEEPrivateFactorProtocol/binomial/ar1/rho-q16-16384
    k2_exact_gc_gee_factor_protocol_test.go:89: factor_producer_bytes=9542592 seconds=2.576242
=== RUN   TestGroupedGEEPrivateFactorProtocol/binomial/ar1/rho-q16-32768
    k2_exact_gc_gee_factor_protocol_test.go:89: factor_producer_bytes=9542591 seconds=2.440275
=== RUN   TestGroupedGEEPrivateFactorProtocol/poisson/independence/rho-q16-0
    k2_exact_gc_gee_factor_protocol_test.go:89: factor_producer_bytes=9677916 seconds=1.734880
=== RUN   TestGroupedGEEPrivateFactorProtocol/poisson/exchangeable/rho-q16-0
    k2_exact_gc_gee_factor_protocol_test.go:89: factor_producer_bytes=9823457 seconds=1.691125
=== RUN   TestGroupedGEEPrivateFactorProtocol/poisson/exchangeable/rho-q16-16384
    k2_exact_gc_gee_factor_protocol_test.go:89: factor_producer_bytes=9950252 seconds=1.566472
=== RUN   TestGroupedGEEPrivateFactorProtocol/poisson/exchangeable/rho-q16-32768
    k2_exact_gc_gee_factor_protocol_test.go:89: factor_producer_bytes=9950248 seconds=1.673892
=== RUN   TestGroupedGEEPrivateFactorProtocol/poisson/ar1/rho-q16-0
    k2_exact_gc_gee_factor_protocol_test.go:89: factor_producer_bytes=13410625 seconds=1.949981
=== RUN   TestGroupedGEEPrivateFactorProtocol/poisson/ar1/rho-q16-16384
    k2_exact_gc_gee_factor_protocol_test.go:89: factor_producer_bytes=13461363 seconds=2.114817
=== RUN   TestGroupedGEEPrivateFactorProtocol/poisson/ar1/rho-q16-32768
    k2_exact_gc_gee_factor_protocol_test.go:89: factor_producer_bytes=13461358 seconds=1.647914
--- PASS: TestGroupedGEEPrivateFactorProtocol (31.50s)
    --- PASS: TestGroupedGEEPrivateFactorProtocol/binomial/independence/rho-q16-0 (2.29s)
    --- PASS: TestGroupedGEEPrivateFactorProtocol/binomial/exchangeable/rho-q16-0 (2.68s)
    --- PASS: TestGroupedGEEPrivateFactorProtocol/binomial/exchangeable/rho-q16-16384 (2.57s)
    --- PASS: TestGroupedGEEPrivateFactorProtocol/binomial/exchangeable/rho-q16-32768 (2.74s)
    --- PASS: TestGroupedGEEPrivateFactorProtocol/binomial/ar1/rho-q16-0 (2.70s)
    --- PASS: TestGroupedGEEPrivateFactorProtocol/binomial/ar1/rho-q16-16384 (2.66s)
    --- PASS: TestGroupedGEEPrivateFactorProtocol/binomial/ar1/rho-q16-32768 (2.51s)
    --- PASS: TestGroupedGEEPrivateFactorProtocol/poisson/independence/rho-q16-0 (1.81s)
    --- PASS: TestGroupedGEEPrivateFactorProtocol/poisson/exchangeable/rho-q16-0 (1.80s)
    --- PASS: TestGroupedGEEPrivateFactorProtocol/poisson/exchangeable/rho-q16-16384 (1.64s)
    --- PASS: TestGroupedGEEPrivateFactorProtocol/poisson/exchangeable/rho-q16-32768 (1.76s)
    --- PASS: TestGroupedGEEPrivateFactorProtocol/poisson/ar1/rho-q16-0 (2.21s)
    --- PASS: TestGroupedGEEPrivateFactorProtocol/poisson/ar1/rho-q16-16384 (2.34s)
    --- PASS: TestGroupedGEEPrivateFactorProtocol/poisson/ar1/rho-q16-32768 (1.81s)
=== RUN   TestGroupedGEEExactMomentComposition
--- PASS: TestGroupedGEEExactMomentComposition (0.18s)
=== RUN   TestGroupedGEEMomentShapeRejection
--- PASS: TestGroupedGEEMomentShapeRejection (0.00s)
=== RUN   TestGroupedGEECircuitReference
=== RUN   TestGroupedGEECircuitReference/binomial/independence
    k2_exact_gc_gee_loss_test.go:24: gates=1532414 table_bytes=15053808
=== RUN   TestGroupedGEECircuitReference/binomial/exchangeable
    k2_exact_gc_gee_loss_test.go:24: gates=1538510 table_bytes=15104528
=== RUN   TestGroupedGEECircuitReference/binomial/ar1
    k2_exact_gc_gee_loss_test.go:24: gates=1536604 table_bytes=15090416
=== RUN   TestGroupedGEECircuitReference/poisson/independence
    k2_exact_gc_gee_loss_test.go:24: gates=1570706 table_bytes=15430224
=== RUN   TestGroupedGEECircuitReference/poisson/exchangeable
    k2_exact_gc_gee_loss_test.go:24: gates=1576802 table_bytes=15480944
=== RUN   TestGroupedGEECircuitReference/poisson/ar1
    k2_exact_gc_gee_loss_test.go:24: gates=1574896 table_bytes=15466832
--- PASS: TestGroupedGEECircuitReference (10.34s)
    --- PASS: TestGroupedGEECircuitReference/binomial/independence (2.10s)
    --- PASS: TestGroupedGEECircuitReference/binomial/exchangeable (2.04s)
    --- PASS: TestGroupedGEECircuitReference/binomial/ar1 (2.02s)
    --- PASS: TestGroupedGEECircuitReference/poisson/independence (1.46s)
    --- PASS: TestGroupedGEECircuitReference/poisson/exchangeable (1.40s)
    --- PASS: TestGroupedGEECircuitReference/poisson/ar1 (1.32s)
=== RUN   TestGroupedGEEPublicProgramCacheAndFreshness
--- PASS: TestGroupedGEEPublicProgramCacheAndFreshness (0.15s)
=== RUN   TestGroupedGEEGlobalSourceValidity
--- PASS: TestGroupedGEEGlobalSourceValidity (0.25s)
=== RUN   TestGroupedGEESourceContract
--- PASS: TestGroupedGEESourceContract (0.01s)
=== RUN   TestGroupedGEESourceTwoAuthority
=== RUN   TestGroupedGEESourceTwoAuthority/binomial
=== RUN   TestGroupedGEESourceTwoAuthority/binomial/fresh
    k2_exact_gc_gee_source_staged_test.go:257: public_programs_per_authority=[24 24] clusters=2 candidates=2 predictors=1
=== RUN   TestGroupedGEESourceTwoAuthority/binomial/conversion-abort
    k2_exact_gc_gee_source_staged_test.go:257: public_programs_per_authority=[24 24] clusters=2 candidates=2 predictors=1
=== RUN   TestGroupedGEESourceTwoAuthority/binomial/routing-unilateral
    k2_exact_gc_gee_source_staged_test.go:257: public_programs_per_authority=[24 24] clusters=2 candidates=2 predictors=1
=== RUN   TestGroupedGEESourceTwoAuthority/binomial/source-invalid
    k2_exact_gc_gee_source_staged_test.go:257: public_programs_per_authority=[24 24] clusters=2 candidates=2 predictors=1
=== RUN   TestGroupedGEESourceTwoAuthority/binomial/outcome-invalid
    k2_exact_gc_gee_source_staged_test.go:257: public_programs_per_authority=[24 24] clusters=2 candidates=2 predictors=1
=== RUN   TestGroupedGEESourceTwoAuthority/binomial/outcome-high-alias
    k2_exact_gc_gee_source_staged_test.go:257: public_programs_per_authority=[24 24] clusters=2 candidates=2 predictors=1
=== RUN   TestGroupedGEESourceTwoAuthority/poisson
=== RUN   TestGroupedGEESourceTwoAuthority/poisson/fresh
    k2_exact_gc_gee_source_staged_test.go:257: public_programs_per_authority=[21 21] clusters=2 candidates=2 predictors=1
=== RUN   TestGroupedGEESourceTwoAuthority/poisson/conversion-abort
    k2_exact_gc_gee_source_staged_test.go:257: public_programs_per_authority=[21 21] clusters=2 candidates=2 predictors=1
=== RUN   TestGroupedGEESourceTwoAuthority/poisson/routing-unilateral
    k2_exact_gc_gee_source_staged_test.go:257: public_programs_per_authority=[21 21] clusters=2 candidates=2 predictors=1
=== RUN   TestGroupedGEESourceTwoAuthority/poisson/source-invalid
    k2_exact_gc_gee_source_staged_test.go:257: public_programs_per_authority=[21 21] clusters=2 candidates=2 predictors=1
=== RUN   TestGroupedGEESourceTwoAuthority/poisson/outcome-invalid
    k2_exact_gc_gee_source_staged_test.go:257: public_programs_per_authority=[21 21] clusters=2 candidates=2 predictors=1
=== RUN   TestGroupedGEESourceTwoAuthority/poisson/outcome-high-alias
    k2_exact_gc_gee_source_staged_test.go:257: public_programs_per_authority=[21 21] clusters=2 candidates=2 predictors=1
--- PASS: TestGroupedGEESourceTwoAuthority (156.46s)
    --- PASS: TestGroupedGEESourceTwoAuthority/binomial (80.91s)
        --- PASS: TestGroupedGEESourceTwoAuthority/binomial/fresh (13.21s)
        --- PASS: TestGroupedGEESourceTwoAuthority/binomial/conversion-abort (13.28s)
        --- PASS: TestGroupedGEESourceTwoAuthority/binomial/routing-unilateral (12.99s)
        --- PASS: TestGroupedGEESourceTwoAuthority/binomial/source-invalid (13.70s)
        --- PASS: TestGroupedGEESourceTwoAuthority/binomial/outcome-invalid (13.93s)
        --- PASS: TestGroupedGEESourceTwoAuthority/binomial/outcome-high-alias (13.80s)
    --- PASS: TestGroupedGEESourceTwoAuthority/poisson (75.55s)
        --- PASS: TestGroupedGEESourceTwoAuthority/poisson/fresh (12.57s)
        --- PASS: TestGroupedGEESourceTwoAuthority/poisson/conversion-abort (12.84s)
        --- PASS: TestGroupedGEESourceTwoAuthority/poisson/routing-unilateral (12.42s)
        --- PASS: TestGroupedGEESourceTwoAuthority/poisson/source-invalid (12.08s)
        --- PASS: TestGroupedGEESourceTwoAuthority/poisson/outcome-invalid (12.61s)
        --- PASS: TestGroupedGEESourceTwoAuthority/poisson/outcome-high-alias (13.02s)
=== RUN   TestGroupedGEESourceP3TwoAuthority
=== RUN   TestGroupedGEESourceP3TwoAuthority/binomial
=== RUN   TestGroupedGEESourceP3TwoAuthority/binomial/fresh
    k2_exact_gc_gee_source_staged_test.go:257: public_programs_per_authority=[24 24] clusters=2 candidates=2 predictors=3
=== NAME  TestGroupedGEESourceP3TwoAuthority/binomial
    k2_exact_gc_gee_source_staged_test.go:387: n=4 predictors=3 candidates=2 terminal_ring=128 terminal_coordinates=42 oracle_equal=true cold_replay=true
=== RUN   TestGroupedGEESourceP3TwoAuthority/poisson
=== RUN   TestGroupedGEESourceP3TwoAuthority/poisson/fresh
    k2_exact_gc_gee_source_staged_test.go:257: public_programs_per_authority=[21 21] clusters=2 candidates=2 predictors=3
=== NAME  TestGroupedGEESourceP3TwoAuthority/poisson
    k2_exact_gc_gee_source_staged_test.go:387: n=4 predictors=3 candidates=2 terminal_ring=128 terminal_coordinates=42 oracle_equal=true cold_replay=true
--- PASS: TestGroupedGEESourceP3TwoAuthority (29.76s)
    --- PASS: TestGroupedGEESourceP3TwoAuthority/binomial (15.58s)
        --- PASS: TestGroupedGEESourceP3TwoAuthority/binomial/fresh (15.58s)
    --- PASS: TestGroupedGEESourceP3TwoAuthority/poisson (14.18s)
        --- PASS: TestGroupedGEESourceP3TwoAuthority/poisson/fresh (14.17s)
=== RUN   TestGroupedGEEExactSourceWire
=== RUN   TestGroupedGEEExactSourceWire/binomial
=== RUN   TestGroupedGEEExactSourceWire/poisson
--- PASS: TestGroupedGEEExactSourceWire (0.02s)
    --- PASS: TestGroupedGEEExactSourceWire/binomial (0.01s)
    --- PASS: TestGroupedGEEExactSourceWire/poisson (0.01s)
=== RUN   TestGroupedGEEExactSourceWireRejects
=== RUN   TestGroupedGEEExactSourceWireRejects/decimal
=== RUN   TestGroupedGEEExactSourceWireRejects/exponent
=== RUN   TestGroupedGEEExactSourceWireRejects/plus
=== RUN   TestGroupedGEEExactSourceWireRejects/leading-zero
=== RUN   TestGroupedGEEExactSourceWireRejects/overflow
=== RUN   TestGroupedGEEExactSourceWireRejects/alpha
=== RUN   TestGroupedGEEExactSourceWireRejects/family
=== RUN   TestGroupedGEEExactSourceWireRejects/max-outcome
=== RUN   TestGroupedGEEExactSourceWireRejects/shape
=== RUN   TestGroupedGEEExactSourceWireRejects/validity
=== RUN   TestGroupedGEEExactSourceWireRejects/digest
=== RUN   TestGroupedGEEExactSourceWireRejects/beta
=== RUN   TestGroupedGEEExactSourceWireRejects/caps
=== RUN   TestGroupedGEEExactSourceWireRejects/evaluator-routing
--- PASS: TestGroupedGEEExactSourceWireRejects (0.02s)
    --- PASS: TestGroupedGEEExactSourceWireRejects/decimal (0.00s)
    --- PASS: TestGroupedGEEExactSourceWireRejects/exponent (0.00s)
    --- PASS: TestGroupedGEEExactSourceWireRejects/plus (0.00s)
    --- PASS: TestGroupedGEEExactSourceWireRejects/leading-zero (0.00s)
    --- PASS: TestGroupedGEEExactSourceWireRejects/overflow (0.00s)
    --- PASS: TestGroupedGEEExactSourceWireRejects/alpha (0.00s)
    --- PASS: TestGroupedGEEExactSourceWireRejects/family (0.00s)
    --- PASS: TestGroupedGEEExactSourceWireRejects/max-outcome (0.00s)
    --- PASS: TestGroupedGEEExactSourceWireRejects/shape (0.00s)
    --- PASS: TestGroupedGEEExactSourceWireRejects/validity (0.00s)
    --- PASS: TestGroupedGEEExactSourceWireRejects/digest (0.00s)
    --- PASS: TestGroupedGEEExactSourceWireRejects/beta (0.00s)
    --- PASS: TestGroupedGEEExactSourceWireRejects/caps (0.00s)
    --- PASS: TestGroupedGEEExactSourceWireRejects/evaluator-routing (0.00s)
=== RUN   TestGroupedGEEStagedContract
--- PASS: TestGroupedGEEStagedContract (0.00s)
=== RUN   TestGroupedGEEStagedExactLattice
--- PASS: TestGroupedGEEStagedExactLattice (0.01s)
=== RUN   TestGroupedGEEStagedTwoAuthority
=== RUN   TestGroupedGEEStagedTwoAuthority/binomial/source-invalid-false
=== RUN   TestGroupedGEEStagedTwoAuthority/binomial/source-invalid-true
=== RUN   TestGroupedGEEStagedTwoAuthority/poisson/source-invalid-false
=== RUN   TestGroupedGEEStagedTwoAuthority/poisson/source-invalid-true
--- PASS: TestGroupedGEEStagedTwoAuthority (20.12s)
    --- PASS: TestGroupedGEEStagedTwoAuthority/binomial/source-invalid-false (5.35s)
    --- PASS: TestGroupedGEEStagedTwoAuthority/binomial/source-invalid-true (5.57s)
    --- PASS: TestGroupedGEEStagedTwoAuthority/poisson/source-invalid-false (4.64s)
    --- PASS: TestGroupedGEEStagedTwoAuthority/poisson/source-invalid-true (4.56s)
=== RUN   TestGroupedGEEStagedBranchValidity
=== RUN   TestGroupedGEEStagedBranchValidity/bread-predecessor
=== RUN   TestGroupedGEEStagedBranchValidity/meat
=== RUN   TestGroupedGEEStagedBranchValidity/likelihood
--- PASS: TestGroupedGEEStagedBranchValidity (0.03s)
    --- PASS: TestGroupedGEEStagedBranchValidity/bread-predecessor (0.00s)
    --- PASS: TestGroupedGEEStagedBranchValidity/meat (0.00s)
    --- PASS: TestGroupedGEEStagedBranchValidity/likelihood (0.00s)
=== RUN   TestGroupedGEEWhiteningPrivatePatterns
--- PASS: TestGroupedGEEWhiteningPrivatePatterns (0.48s)
=== RUN   TestGroupedGEEFactorInputs
--- PASS: TestGroupedGEEFactorInputs (0.40s)
=== RUN   TestGroupedGEEWhiteningCertificateAndLimits
--- PASS: TestGroupedGEEWhiteningCertificateAndLimits (8.25s)
=== RUN   TestGroupedGEEFactorialCertificate
--- PASS: TestGroupedGEEFactorialCertificate (0.00s)
=== RUN   TestGroupedGEEWorkerOpaqueNativeIntegers
--- PASS: TestGroupedGEEWorkerOpaqueNativeIntegers (0.00s)
=== RUN   TestGroupedGEEWorkerSourceBindingRejectsReplacement
=== RUN   TestGroupedGEEWorkerSourceBindingRejectsReplacement/purpose
=== RUN   TestGroupedGEEWorkerSourceBindingRejectsReplacement/legacy-source
=== RUN   TestGroupedGEEWorkerSourceBindingRejectsReplacement/lmm-source
=== RUN   TestGroupedGEEWorkerSourceBindingRejectsReplacement/glmm-source
=== RUN   TestGroupedGEEWorkerSourceBindingRejectsReplacement/seed
=== RUN   TestGroupedGEEWorkerSourceBindingRejectsReplacement/role
=== RUN   TestGroupedGEEWorkerSourceBindingRejectsReplacement/spool-store
--- PASS: TestGroupedGEEWorkerSourceBindingRejectsReplacement (0.01s)
    --- PASS: TestGroupedGEEWorkerSourceBindingRejectsReplacement/purpose (0.00s)
    --- PASS: TestGroupedGEEWorkerSourceBindingRejectsReplacement/legacy-source (0.00s)
    --- PASS: TestGroupedGEEWorkerSourceBindingRejectsReplacement/lmm-source (0.00s)
    --- PASS: TestGroupedGEEWorkerSourceBindingRejectsReplacement/glmm-source (0.00s)
    --- PASS: TestGroupedGEEWorkerSourceBindingRejectsReplacement/seed (0.00s)
    --- PASS: TestGroupedGEEWorkerSourceBindingRejectsReplacement/role (0.00s)
    --- PASS: TestGroupedGEEWorkerSourceBindingRejectsReplacement/spool-store (0.00s)
=== RUN   TestGroupedGEEStagedSpoolWorkers
--- PASS: TestGroupedGEEStagedSpoolWorkers (23.32s)
=== RUN   TestGroupedGEEPoissonStagedSpoolWorkers
--- PASS: TestGroupedGEEPoissonStagedSpoolWorkers (21.60s)
=== RUN   TestGroupedGEEWireStagedSpoolWorkers
=== RUN   TestGroupedGEEWireStagedSpoolWorkers/binomial
=== RUN   TestGroupedGEEWireStagedSpoolWorkers/poisson
--- PASS: TestGroupedGEEWireStagedSpoolWorkers (44.17s)
    --- PASS: TestGroupedGEEWireStagedSpoolWorkers/binomial (22.96s)
    --- PASS: TestGroupedGEEWireStagedSpoolWorkers/poisson (21.21s)
=== RUN   TestGroupedGEEWorkerCrossTypeRejection
=== RUN   TestGroupedGEEWorkerCrossTypeRejection/grouped-lmm-staged-v1
=== RUN   TestGroupedGEEWorkerCrossTypeRejection/grouped-glmm-staged-v1
=== RUN   TestGroupedGEEWorkerCrossTypeRejection/truncate-floor
--- PASS: TestGroupedGEEWorkerCrossTypeRejection (0.03s)
    --- PASS: TestGroupedGEEWorkerCrossTypeRejection/grouped-lmm-staged-v1 (0.01s)
    --- PASS: TestGroupedGEEWorkerCrossTypeRejection/grouped-glmm-staged-v1 (0.01s)
    --- PASS: TestGroupedGEEWorkerCrossTypeRejection/truncate-floor (0.01s)
PASS
ok  	github.com/isglobal-brge/dsVert/dsvert-mpc	347.120s
